Archive member included to satisfy reference by file (symbol)

/usr/local/mcuxpressoide-11.5.0_7232/ide/plugins/com.nxp.mcuxpresso.tools.linux_11.5.0.202107051138/tools/bin/../lib/gcc/arm-none-eabi/10.3.1/thumb/v7e-m+fp/hard/libgcc.a(_arm_muldf3.o)
                              ./source/Modules/mAccelMagneto.o (__aeabi_dmul)
/usr/local/mcuxpressoide-11.5.0_7232/ide/plugins/com.nxp.mcuxpresso.tools.linux_11.5.0.202107051138/tools/bin/../lib/gcc/arm-none-eabi/10.3.1/thumb/v7e-m+fp/hard/libgcc.a(_arm_addsubdf3.o)
                              ./source/Modules/mSpi.o (__aeabi_dsub)
/usr/local/mcuxpressoide-11.5.0_7232/ide/plugins/com.nxp.mcuxpresso.tools.linux_11.5.0.202107051138/tools/bin/../lib/gcc/arm-none-eabi/10.3.1/thumb/v7e-m+fp/hard/libgcc.a(_arm_muldivdf3.o)
                              ./source/Modules/mAd.o (__aeabi_ddiv)
/usr/local/mcuxpressoide-11.5.0_7232/ide/plugins/com.nxp.mcuxpresso.tools.linux_11.5.0.202107051138/tools/bin/../lib/gcc/arm-none-eabi/10.3.1/thumb/v7e-m+fp/hard/libgcc.a(_arm_fixdfsi.o)
                              ./source/Applications/gCompute.o (__aeabi_d2iz)
/usr/local/mcuxpressoide-11.5.0_7232/ide/plugins/com.nxp.mcuxpresso.tools.linux_11.5.0.202107051138/tools/bin/../lib/gcc/arm-none-eabi/10.3.1/thumb/v7e-m+fp/hard/libgcc.a(_arm_fixunsdfsi.o)
                              ./source/Modules/mSpi.o (__aeabi_d2uiz)
/usr/local/mcuxpressoide-11.5.0_7232/ide/plugins/com.nxp.mcuxpresso.tools.linux_11.5.0.202107051138/tools/bin/../lib/gcc/arm-none-eabi/10.3.1/thumb/v7e-m+fp/hard/libgcc.a(_arm_truncdfsf2.o)
                              ./source/Modules/mAccelMagneto.o (__aeabi_d2f)
/usr/local/mcuxpressoide-11.5.0_7232/ide/plugins/com.nxp.mcuxpresso.tools.linux_11.5.0.202107051138/tools/bin/../lib/gcc/arm-none-eabi/10.3.1/thumb/v7e-m+fp/hard/libgcc.a(_aeabi_uldivmod.o)
                              ./drivers/fsl_common_arm.o (__aeabi_uldivmod)
/usr/local/mcuxpressoide-11.5.0_7232/ide/plugins/com.nxp.mcuxpresso.tools.linux_11.5.0.202107051138/tools/bin/../lib/gcc/arm-none-eabi/10.3.1/thumb/v7e-m+fp/hard/libgcc.a(_udivmoddi4.o)
                              /usr/local/mcuxpressoide-11.5.0_7232/ide/plugins/com.nxp.mcuxpresso.tools.linux_11.5.0.202107051138/tools/bin/../lib/gcc/arm-none-eabi/10.3.1/thumb/v7e-m+fp/hard/libgcc.a(_aeabi_uldivmod.o) (__udivmoddi4)
/usr/local/mcuxpressoide-11.5.0_7232/ide/plugins/com.nxp.mcuxpresso.tools.linux_11.5.0.202107051138/tools/bin/../lib/gcc/arm-none-eabi/10.3.1/thumb/v7e-m+fp/hard/libgcc.a(_dvmd_tls.o)
                              /usr/local/mcuxpressoide-11.5.0_7232/ide/plugins/com.nxp.mcuxpresso.tools.linux_11.5.0.202107051138/tools/bin/../lib/gcc/arm-none-eabi/10.3.1/thumb/v7e-m+fp/hard/libgcc.a(_aeabi_uldivmod.o) (__aeabi_ldiv0)
/usr/local/mcuxpressoide-11.5.0_7232/ide/plugins/com.nxp.mcuxpresso.tools.linux_11.5.0.202107051138/tools/bin/../lib/gcc/arm-none-eabi/10.3.1/../../../../arm-none-eabi/lib/thumb/v7e-m+fp/hard/libc_nano.a(lib_a-abs.o)
                              ./source/Applications/gCompute.o (abs)
/usr/local/mcuxpressoide-11.5.0_7232/ide/plugins/com.nxp.mcuxpresso.tools.linux_11.5.0.202107051138/tools/bin/../lib/gcc/arm-none-eabi/10.3.1/../../../../arm-none-eabi/lib/thumb/v7e-m+fp/hard/libc_nano.a(lib_a-assert.o)
                              ./drivers/fsl_adc16.o (__assert_func)
/usr/local/mcuxpressoide-11.5.0_7232/ide/plugins/com.nxp.mcuxpresso.tools.linux_11.5.0.202107051138/tools/bin/../lib/gcc/arm-none-eabi/10.3.1/../../../../arm-none-eabi/lib/thumb/v7e-m+fp/hard/libc_nano.a(lib_a-clock.o)
                              ./source/main.o (clock)
/usr/local/mcuxpressoide-11.5.0_7232/ide/plugins/com.nxp.mcuxpresso.tools.linux_11.5.0.202107051138/tools/bin/../lib/gcc/arm-none-eabi/10.3.1/../../../../arm-none-eabi/lib/thumb/v7e-m+fp/hard/libc_nano.a(lib_a-errno.o)
                              ./utilities/fsl_str.o (__errno)
/usr/local/mcuxpressoide-11.5.0_7232/ide/plugins/com.nxp.mcuxpresso.tools.linux_11.5.0.202107051138/tools/bin/../lib/gcc/arm-none-eabi/10.3.1/../../../../arm-none-eabi/lib/thumb/v7e-m+fp/hard/libc_nano.a(lib_a-fprintf.o)
                              /usr/local/mcuxpressoide-11.5.0_7232/ide/plugins/com.nxp.mcuxpresso.tools.linux_11.5.0.202107051138/tools/bin/../lib/gcc/arm-none-eabi/10.3.1/../../../../arm-none-eabi/lib/thumb/v7e-m+fp/hard/libc_nano.a(lib_a-assert.o) (fiprintf)
/usr/local/mcuxpressoide-11.5.0_7232/ide/plugins/com.nxp.mcuxpresso.tools.linux_11.5.0.202107051138/tools/bin/../lib/gcc/arm-none-eabi/10.3.1/../../../../arm-none-eabi/lib/thumb/v7e-m+fp/hard/libc_nano.a(lib_a-impure.o)
                              /usr/local/mcuxpressoide-11.5.0_7232/ide/plugins/com.nxp.mcuxpresso.tools.linux_11.5.0.202107051138/tools/bin/../lib/gcc/arm-none-eabi/10.3.1/../../../../arm-none-eabi/lib/thumb/v7e-m+fp/hard/libc_nano.a(lib_a-assert.o) (_impure_ptr)
[...]
Memory Configuration

Name             Origin             Length             Attributes
PROGRAM_FLASH    0x0000000000000000 0x0000000000100000 xr
SRAM_UPPER       0x0000000020000000 0x0000000000030000 xrw
SRAM_LOWER       0x000000001fff0000 0x0000000000010000 xrw
FLEX_RAM         0x0000000014000000 0x0000000000001000 xrw
*default*        0x0000000000000000 0xffffffffffffffff

Linker script and memory map

LOAD ./utilities/fsl_debug_console.o
LOAD ./utilities/fsl_str.o
LOAD ./startup/startup_mk64f12.o
LOAD ./source/Modules/mAccelMagneto.o
LOAD ./source/Modules/mAd.o
LOAD ./source/Modules/mCpu.o
LOAD ./source/Modules/mDac.o
LOAD ./source/Modules/mDelay.o
LOAD ./source/Modules/mGyro.o
LOAD ./source/Modules/mLeds.o
LOAD ./source/Modules/mRS232.o
LOAD ./source/Modules/mSpi.o
LOAD ./source/Modules/mSwitch.o
LOAD ./source/Modules/mTimer.o
LOAD ./source/Modules/mVL6180x.o
LOAD ./source/Interfaces/iAd.o
LOAD ./source/Interfaces/iCpu.o
LOAD ./source/Interfaces/iDac.o
LOAD ./source/Interfaces/iDio.o
LOAD ./source/Interfaces/iFlextimer.o
LOAD ./source/Interfaces/iI2C.o
LOAD ./source/Interfaces/iPit.o
LOAD ./source/Interfaces/iSpi.o
LOAD ./source/Interfaces/iUart.o
LOAD ./source/Applications/gCompute.o
LOAD ./source/Applications/gInput.o
LOAD ./source/Applications/gMBox.o
LOAD ./source/Applications/gOutput.o
LOAD ./source/cpp_config.o
LOAD ./source/main.o
LOAD ./source/semihost_hardfault.o
LOAD ./drivers/fsl_adc16.o
LOAD ./drivers/fsl_clock.o
LOAD ./drivers/fsl_common.o
LOAD ./drivers/fsl_common_arm.o
LOAD ./drivers/fsl_gpio.o
LOAD ./drivers/fsl_i2c.o
LOAD ./drivers/fsl_smc.o
LOAD ./drivers/fsl_uart.o
LOAD ./device/system_MK64F12.o
LOAD ./component/uart/fsl_adapter_uart.o
LOAD ./component/serial_manager/fsl_component_serial_manager.o
LOAD ./component/serial_manager/fsl_component_serial_port_uart.o
LOAD ./component/lists/fsl_component_generic_list.o
LOAD ./board/board.o
LOAD ./board/clock_config.o
LOAD ./board/peripherals.o
LOAD ./board/pin_mux.o
START GROUP
LOAD /usr/local/mcuxpressoide-11.5.0_7232/ide/plugins/com.nxp.mcuxpresso.tools.linux_11.5.0.202107051138/tools/bin/../lib/gcc/arm-none-eabi/10.3.1/thumb/v7e-m+fp/hard/libgcc.a
LOAD /usr/local/mcuxpressoide-11.5.0_7232/ide/plugins/com.nxp.mcuxpresso.tools.linux_11.5.0.202107051138/tools/bin/../lib/gcc/arm-none-eabi/10.3.1/../../../../arm-none-eabi/lib/thumb/v7e-m+fp/hard/libc_nano.a
LOAD /usr/local/mcuxpressoide-11.5.0_7232/ide/plugins/com.nxp.mcuxpresso.tools.linux_11.5.0.202107051138/tools/bin/../lib/gcc/arm-none-eabi/10.3.1/../../../../arm-none-eabi/lib/thumb/v7e-m+fp/hard/libstdc++_nano.a
LOAD /usr/local/mcuxpressoide-11.5.0_7232/ide/plugins/com.nxp.mcuxpresso.tools.linux_11.5.0.202107051138/tools/bin/../lib/gcc/arm-none-eabi/10.3.1/../../../../arm-none-eabi/lib/thumb/v7e-m+fp/hard/libm.a
LOAD /usr/local/mcuxpressoide-11.5.0_7232/ide/plugins/com.nxp.mcuxpresso.tools.linux_11.5.0.202107051138/tools/bin/../lib/gcc/arm-none-eabi/10.3.1/../../../../arm-none-eabi/lib/thumb/v7e-m+fp/hard/libcr_newlib_semihost.a
LOAD /usr/local/mcuxpressoide-11.5.0_7232/ide/plugins/com.nxp.mcuxpresso.tools.linux_11.5.0.202107051138/tools/bin/../lib/gcc/arm-none-eabi/10.3.1/thumb/v7e-m+fp/hard/crti.o
LOAD /usr/local/mcuxpressoide-11.5.0_7232/ide/plugins/com.nxp.mcuxpresso.tools.linux_11.5.0.202107051138/tools/bin/../lib/gcc/arm-none-eabi/10.3.1/thumb/v7e-m+fp/hard/crtn.o
LOAD /usr/local/mcuxpressoide-11.5.0_7232/ide/plugins/com.nxp.mcuxpresso.tools.linux_11.5.0.202107051138/tools/bin/../lib/gcc/arm-none-eabi/10.3.1/thumb/v7e-m+fp/hard/crtbegin.o
LOAD /usr/local/mcuxpressoide-11.5.0_7232/ide/plugins/com.nxp.mcuxpresso.tools.linux_11.5.0.202107051138/tools/bin/../lib/gcc/arm-none-eabi/10.3.1/thumb/v7e-m+fp/hard/crtend.o
END GROUP
                0x0000000000000000                __base_PROGRAM_FLASH = 0x0
                0x0000000000000000                __base_Flash = 0x0
                0x0000000000100000                __top_PROGRAM_FLASH = 0x100000
                0x0000000000100000                __top_Flash = 0x100000
                0x0000000020000000                __base_SRAM_UPPER = 0x20000000
                0x0000000020000000                __base_RAM = 0x20000000
                0x0000000020030000                __top_SRAM_UPPER = 0x20030000
                0x0000000020030000                __top_RAM = 0x20030000
                0x000000001fff0000                __base_SRAM_LOWER = 0x1fff0000
                0x000000001fff0000                __base_RAM2 = 0x1fff0000
                0x0000000020000000                __top_SRAM_LOWER = 0x20000000
                0x0000000020000000                __top_RAM2 = 0x20000000
                0x0000000014000000                __base_FLEX_RAM = 0x14000000
                0x0000000014000000                __base_RAM3 = 0x14000000
                0x0000000014001000                __top_FLEX_RAM = 0x14001000
                0x0000000014001000                __top_RAM3 = 0x14001000

.text           0x0000000000000000     0x5660
 FILL mask 0xff
                0x0000000000000000                __vectors_start__ = ABSOLUTE (.)
 *(SORT_BY_ALIGNMENT(.isr_vector))
 .isr_vector    0x0000000000000000      0x198 ./startup/startup_mk64f12.o
                0x0000000000000000                __Vectors
                0x0000000000000000                g_pfnVectors
                0x0000000000000198                . = ALIGN (0x4)
                0x0000000000000198                __section_table_start = .
                0x0000000000000198                __data_section_table = .
                0x0000000000000198        0x4 LONG 0x5660 LOADADDR (.data)
                0x000000000000019c        0x4 LONG 0x20000000 ADDR (.data)
                0x00000000000001a0        0x4 LONG 0x70 SIZEOF (.data)
                0x00000000000001a4        0x4 LONG 0x5660 LOADADDR (.data_RAM2)
                0x00000000000001a8        0x4 LONG 0x1fff0000 ADDR (.data_RAM2)
                0x00000000000001ac        0x4 LONG 0x0 SIZEOF (.data_RAM2)
                0x00000000000001b0        0x4 LONG 0x5660 LOADADDR (.data_RAM3)
                0x00000000000001b4        0x4 LONG 0x14000000 ADDR (.data_RAM3)
                0x00000000000001b8        0x4 LONG 0x0 SIZEOF (.data_RAM3)
                0x00000000000001bc                __data_section_table_end = .
                0x00000000000001bc                __bss_section_table = .
                0x00000000000001bc        0x4 LONG 0x20000070 ADDR (.bss)
                0x00000000000001c0        0x4 LONG 0x200 SIZEOF (.bss)
                0x00000000000001c4        0x4 LONG 0x1fff0000 ADDR (.bss_RAM2)
                0x00000000000001c8        0x4 LONG 0x0 SIZEOF (.bss_RAM2)
                0x00000000000001cc        0x4 LONG 0x14000000 ADDR (.bss_RAM3)
                0x00000000000001d0        0x4 LONG 0x0 SIZEOF (.bss_RAM3)
                0x00000000000001d4                __bss_section_table_end = .
                0x00000000000001d4                __section_table_end = .
 *(SORT_BY_ALIGNMENT(.after_vectors*))
 .after_vectors.reset
                0x00000000000001d4       0x50 ./startup/startup_mk64f12.o
                0x00000000000001d4                ResetISR
 .after_vectors.init_data
                0x0000000000000224       0x1e ./startup/startup_mk64f12.o
                0x0000000000000224                data_init(unsigned int, unsigned int, unsigned int)
 .after_vectors.init_bss
                0x0000000000000242       0x12 ./startup/startup_mk64f12.o
                0x0000000000000242                bss_init(unsigned int, unsigned int)
 .after_vectors
                0x0000000000000254       0x14 ./startup/startup_mk64f12.o
                0x0000000000000254                NMI_Handler
                0x0000000000000258                MemManage_Handler
                0x000000000000025a                BusFault_Handler
                0x000000000000025c                UsageFault_Handler
                0x000000000000025e                SVC_Handler
                0x0000000000000260                DebugMon_Handler
                0x0000000000000262                PendSV_Handler
                0x0000000000000264                SysTick_Handler
                0x0000000000000266                DMA0_DriverIRQHandler
                0x0000000000000266                PORTB_DriverIRQHandler
                0x0000000000000266                DMA12_DriverIRQHandler
                0x0000000000000266                SPI1_DriverIRQHandler
                0x0000000000000266                LPTMR0_DriverIRQHandler
                0x0000000000000266                DMA_Error_DriverIRQHandler
                0x0000000000000266                FTM1_DriverIRQHandler
                0x0000000000000266                FTM2_DriverIRQHandler
                0x0000000000000266                PIT2_DriverIRQHandler
                0x0000000000000266                SDHC_DriverIRQHandler
                0x0000000000000266                I2S0_Tx_DriverIRQHandler
                0x0000000000000266                RTC_Seconds_DriverIRQHandler
                0x0000000000000266                DMA6_DriverIRQHandler
                0x0000000000000266                LLWU_DriverIRQHandler
                0x0000000000000266                MCM_DriverIRQHandler
                0x0000000000000266                MCG_DriverIRQHandler
                0x0000000000000266                ENET_1588_Timer_DriverIRQHandler
                0x0000000000000266                DAC1_DriverIRQHandler
                0x0000000000000266                CMP1_DriverIRQHandler
                0x0000000000000266                FTM0_DriverIRQHandler
                0x0000000000000266                IntDefaultHandler
                0x0000000000000266                USB0_DriverIRQHandler
                0x0000000000000266                UART5_ERR_DriverIRQHandler
                0x0000000000000266                PORTC_DriverIRQHandler
                0x0000000000000266                DMA11_DriverIRQHandler
                0x0000000000000266                DAC0_DriverIRQHandler
                0x0000000000000266                DMA10_DriverIRQHandler
                0x0000000000000266                CMP2_DriverIRQHandler
                0x0000000000000266                UART2_ERR_DriverIRQHandler
                0x0000000000000266                SPI2_DriverIRQHandler
                0x0000000000000266                LVD_LVW_DriverIRQHandler
                0x0000000000000266                PIT0_DriverIRQHandler
                0x0000000000000266                RNG_DriverIRQHandler
                0x0000000000000266                DMA5_DriverIRQHandler
                0x0000000000000266                DMA4_DriverIRQHandler
                0x0000000000000266                USBDCD_DriverIRQHandler
                0x0000000000000266                UART3_ERR_DriverIRQHandler
                0x0000000000000266                DMA3_DriverIRQHandler
                0x0000000000000266                DMA8_DriverIRQHandler
                0x0000000000000266                DMA9_DriverIRQHandler
                0x0000000000000266                UART0_ERR_DriverIRQHandler
                0x0000000000000266                CMT_DriverIRQHandler
                0x0000000000000266                Reserved71_DriverIRQHandler
                0x0000000000000266                ADC1_DriverIRQHandler
                0x0000000000000266                PORTA_DriverIRQHandler
                0x0000000000000266                DMA14_DriverIRQHandler
                0x0000000000000266                PIT3_DriverIRQHandler
                0x0000000000000266                PIT1_DriverIRQHandler
                0x0000000000000266                WDOG_EWM_DriverIRQHandler
                0x0000000000000266                PDB0_DriverIRQHandler
                0x0000000000000266                RTC_DriverIRQHandler
                0x0000000000000266                I2S0_Rx_DriverIRQHandler
                0x0000000000000266                Read_Collision_DriverIRQHandler
                0x0000000000000266                SWI_DriverIRQHandler
                0x0000000000000266                UART4_ERR_DriverIRQHandler
                0x0000000000000266                UART0_LON_DriverIRQHandler
                0x0000000000000266                DMA1_DriverIRQHandler
                0x0000000000000266                ENET_Receive_DriverIRQHandler
                0x0000000000000266                DMA13_DriverIRQHandler
                0x0000000000000266                ENET_Error_DriverIRQHandler
                0x0000000000000266                DMA15_DriverIRQHandler
                0x0000000000000266                SPI0_DriverIRQHandler
                0x0000000000000266                ADC0_DriverIRQHandler
                0x0000000000000266                CMP0_DriverIRQHandler
                0x0000000000000266                CAN0_DriverIRQHandler
                0x0000000000000266                FTM3_DriverIRQHandler
                0x0000000000000266                UART1_ERR_DriverIRQHandler
                0x0000000000000266                DMA2_DriverIRQHandler
                0x0000000000000266                ENET_Transmit_DriverIRQHandler
                0x0000000000000266                PORTD_DriverIRQHandler
                0x0000000000000266                PORTE_DriverIRQHandler
                0x0000000000000266                FTFE_DriverIRQHandler
                0x0000000000000266                DMA7_DriverIRQHandler
                0x0000000000000400                . = 0x400
 *fill*         0x0000000000000268      0x198 ff
                0x0000000000000400                PROVIDE (__FLASH_CONFIG_START__ = .)
 *(SORT_BY_ALIGNMENT(.FlashConfig))
 .FlashConfig   0x0000000000000400       0x10 ./startup/startup_mk64f12.o
                0x0000000000000410                PROVIDE (__FLASH_CONFIG_END__ = .)
                0x0000000000000001                ASSERT (! ((__FLASH_CONFIG_START__ == __FLASH_CONFIG_END__)), Linker Flash Config Support Enabled, but no .FlashConfig section provided within application)
 *(SORT_BY_ALIGNMENT(.text*))
 .text          0x0000000000000410       0xa0 /usr/local/mcuxpressoide-11.5.0_7232/ide/plugins/com.nxp.mcuxpresso.tools.linux_11.5.0.202107051138/tools/bin/../lib/gcc/arm-none-eabi/10.3.1/../../../../arm-none-eabi/lib/thumb/v7e-m+fp/hard/libc_nano.a(lib_a-memchr.o)
                0x0000000000000410                memchr
 .text.FTM1_IRQHandler
                0x00000000000004b0      0x28c ./source/Interfaces/iFlextimer.o
                0x00000000000004b0                FTM1_IRQHandler
 *fill*         0x000000000000073c        0x4 ff
 .text.iFlextimer_SetServoDuty
                0x0000000000000740       0xfc ./source/Interfaces/iFlextimer.o
                0x0000000000000740                iFlextimer_SetServoDuty
 *fill*         0x000000000000083c        0x4 ff
 .text.iPit_Config
                0x0000000000000840      0x1c4 ./source/Interfaces/iPit.o
                0x0000000000000840                iPit_Config
 .text.PORTB_IRQHandler
                0x0000000000000a04       0x34 ./source/Modules/mAccelMagneto.o
                0x0000000000000a04                PORTB_IRQHandler
 .text.PORTD_IRQHandler
                0x0000000000000a38       0x34 ./source/Modules/mGyro.o
                0x0000000000000a38                PORTD_IRQHandler
 .text.mSwitch_Setup
                0x0000000000000a6c       0x18 ./source/Modules/mSwitch.o
                0x0000000000000a6c                mSwitch_Setup
 .text.mSwitch_ReadSwitch
                0x0000000000000a84       0x78 ./source/Modules/mSwitch.o
                0x0000000000000a84                mSwitch_ReadSwitch
 .text.mTimer_Open
                0x0000000000000afc       0x50 ./source/Modules/mTimer.o
                0x0000000000000afc                mTimer_Open
 .text.__NVIC_DisableIRQ
                0x0000000000000b4c       0x48 ./source/Interfaces/iAd.o
 .text.iAd_Config
                0x0000000000000b94       0x44 ./source/Interfaces/iAd.o
                0x0000000000000b94                iAd_Config
 .text.iAd_Cal  0x0000000000000bd8      0x15c ./source/Interfaces/iAd.o
                0x0000000000000bd8                iAd_Cal
 .text.iCpu_PllInit
                0x0000000000000d34       0xdc ./source/Interfaces/iCpu.o
 .text.iCpu_PinFctCfg
                0x0000000000000e10      0x138 ./source/Interfaces/iCpu.o
 .text.iCpu_PeriphClkInit
                0x0000000000000f48       0xa4 ./source/Interfaces/iCpu.o
 .text.iCpu_VREFInit
                0x0000000000000fec       0x4c ./source/Interfaces/iCpu.o
 .text.iCpu_SysInit
                0x0000000000001038       0x28 ./source/Interfaces/iCpu.o
                0x0000000000001038                iCpu_SysInit
 .text.iDac_Config
                0x0000000000001060       0xcc ./source/Interfaces/iDac.o
                0x0000000000001060                iDac_Config
 .text.iDac_SetResetVal
                0x000000000000112c       0xb4 ./source/Interfaces/iDac.o
 .text.iDio_SetPortDirection
                0x00000000000011e0       0x98 ./source/Interfaces/iDio.o
                0x00000000000011e0                iDio_SetPortDirection
 .text.iDio_SetPort
                0x0000000000001278       0xbc ./source/Interfaces/iDio.o
                0x0000000000001278                iDio_SetPort
 .text.iDio_GetPort
                0x0000000000001334       0x84 ./source/Interfaces/iDio.o
                0x0000000000001334                iDio_GetPort
 .text.__NVIC_EnableIRQ
                0x00000000000013b8       0x3c ./source/Interfaces/iFlextimer.o
 .text.__NVIC_ClearPendingIRQ
                0x00000000000013f4       0x3c ./source/Interfaces/iFlextimer.o
 .text.__NVIC_SetPriority
                0x0000000000001430       0x54 ./source/Interfaces/iFlextimer.o
 .text.iFlextimer_Config
                0x0000000000001484      0x248 ./source/Interfaces/iFlextimer.o
                0x0000000000001484                iFlextimer_Config
 .text.iFlextimer_SetMotorDuty
                0x00000000000016cc      0x15c ./source/Interfaces/iFlextimer.o
                0x00000000000016cc                iFlextimer_SetMotorDuty
 .text.__NVIC_EnableIRQ
                0x0000000000001828       0x3c ./source/Interfaces/iPit.o
 .text.__NVIC_ClearPendingIRQ
                0x0000000000001864       0x3c ./source/Interfaces/iPit.o
 .text.__NVIC_SetPriority
                0x00000000000018a0       0x54 ./source/Interfaces/iPit.o
 .text.iPit_StartPit
                0x00000000000018f4       0x78 ./source/Interfaces/iPit.o
                0x00000000000018f4                iPit_StartPit
 .text.iPit_InitDelay
                0x000000000000196c       0x78 ./source/Interfaces/iPit.o
                0x000000000000196c                iPit_InitDelay
 .text.iPit_GetDelay
                0x00000000000019e4       0xe4 ./source/Interfaces/iPit.o
                0x00000000000019e4                iPit_GetDelay
 .text.iPit_IsDelayDone
                0x0000000000001ac8       0x38 ./source/Interfaces/iPit.o
                0x0000000000001ac8                iPit_IsDelayDone
 .text.iPit_DelayRelease
                0x0000000000001b00       0x68 ./source/Interfaces/iPit.o
                0x0000000000001b00                iPit_DelayRelease
 .text.iPit_ReStart
                0x0000000000001b68       0x68 ./source/Interfaces/iPit.o
                0x0000000000001b68                iPit_ReStart
 .text.PIT0_IRQHandler
                0x0000000000001bd0       0xa8 ./source/Interfaces/iPit.o
                0x0000000000001bd0                PIT0_IRQHandler
 .text.PIT1_IRQHandler
                0x0000000000001c78       0xb8 ./source/Interfaces/iPit.o
                0x0000000000001c78                PIT1_IRQHandler
 .text.PIT2_IRQHandler
                0x0000000000001d30       0xb8 ./source/Interfaces/iPit.o
                0x0000000000001d30                PIT2_IRQHandler
 .text.PIT3_IRQHandler
                0x0000000000001de8       0xb8 ./source/Interfaces/iPit.o
                0x0000000000001de8                PIT3_IRQHandler
 .text.iSpi_ConfigClockAndPins
                0x0000000000001ea0      0x120 ./source/Interfaces/iSpi.o
                0x0000000000001ea0                iSpi_ConfigClockAndPins
 .text.iSpi_ConfigSPIModule
                0x0000000000001fc0       0x88 ./source/Interfaces/iSpi.o
                0x0000000000001fc0                iSpi_ConfigSPIModule
 .text.iSpi_ChangeInactiveCSState
                0x0000000000002048       0xa4 ./source/Interfaces/iSpi.o
                0x0000000000002048                iSpi_ChangeInactiveCSState
 .text.iSpi_ConfigClockAndTransfert
                0x00000000000020ec      0x114 ./source/Interfaces/iSpi.o
                0x00000000000020ec                iSpi_ConfigClockAndTransfert
 .text.iSpi_ConfigInterrupAndDMA
                0x0000000000002200       0x54 ./source/Interfaces/iSpi.o
                0x0000000000002200                iSpi_ConfigInterrupAndDMA
 .text.iSpi_StartTX
                0x0000000000002254       0x60 ./source/Interfaces/iSpi.o
                0x0000000000002254                iSpi_StartTX
 .text.iSpi_GetStatus
                0x00000000000022b4       0x7c ./source/Interfaces/iSpi.o
                0x00000000000022b4                iSpi_GetStatus
 .text.iSpi_ResetStatus
                0x0000000000002330       0x64 ./source/Interfaces/iSpi.o
                0x0000000000002330                iSpi_ResetStatus
 .text.iSpi_PushDataIntoFifo
                0x0000000000002394       0x88 ./source/Interfaces/iSpi.o
                0x0000000000002394                iSpi_PushDataIntoFifo
 .text.iSpi_ReadData
                0x000000000000241c       0x50 ./source/Interfaces/iSpi.o
                0x000000000000241c                iSpi_ReadData
 .text.UART3_RX_TX_IRQHandler
                0x000000000000246c       0x60 ./source/Interfaces/iUart.o
                0x000000000000246c                UART3_RX_TX_IRQHandler
 .text.UART4_RX_TX_IRQHandler
                0x00000000000024cc       0x60 ./source/Interfaces/iUart.o
                0x00000000000024cc                UART4_RX_TX_IRQHandler
 .text._ZL19Choose1DirectVectorP13VectorFlagged
                0x000000000000252c       0x4c ./source/Applications/gInput.o
 .text._ZL20Choose2DirectVectorsiP13VectorFlagged
                0x0000000000002578       0xfc ./source/Applications/gInput.o
 .text._ZL17SortChosenVectorsv
                0x0000000000002674       0x48 ./source/Applications/gInput.o
 .text._ZN6TPixy2I11Link2SPI_SSE10recvPacketEv
                0x00000000000026bc      0x120 ./source/Applications/gInput.o
                0x00000000000026bc                TPixy2<Link2SPI_SS>::recvPacket()
 .text._ZN9Pixy2LineI11Link2SPI_SSE11getFeaturesEhhb
                0x00000000000027dc      0x1b4 ./source/Applications/gInput.o
                0x00000000000027dc                Pixy2Line<Link2SPI_SS>::getFeatures(unsigned char, unsigned char, bool)
 .text._ZN6TPixy2I11Link2SPI_SSE7getSyncEv
                0x0000000000002990       0xb4 ./source/Applications/gInput.o
                0x0000000000002990                TPixy2<Link2SPI_SS>::getSync()
 .text.main     0x0000000000002a44      0x13c ./source/main.o
                0x0000000000002a44                main
 .text._ZN6TPixy2I11Link2SPI_SSE4initEm
                0x0000000000002b80       0x80 ./source/main.o
                0x0000000000002b80                TPixy2<Link2SPI_SS>::init(unsigned long)
 .text.I2C_TransferCommonIRQHandler
                0x0000000000002c00       0x58 ./drivers/fsl_i2c.o
 .text.I2C0_DriverIRQHandler
                0x0000000000002c58       0x1c ./drivers/fsl_i2c.o
                0x0000000000002c58                I2C0_DriverIRQHandler
 .text.I2C1_DriverIRQHandler
                0x0000000000002c74       0x1c ./drivers/fsl_i2c.o
                0x0000000000002c74                I2C1_DriverIRQHandler
 .text.I2C2_DriverIRQHandler
                0x0000000000002c90       0x1c ./drivers/fsl_i2c.o
                0x0000000000002c90                I2C2_DriverIRQHandler
 .text.UART0_DriverIRQHandler
                0x0000000000002cac       0x28 ./drivers/fsl_uart.o
                0x0000000000002cac                UART0_DriverIRQHandler
 .text.UART1_DriverIRQHandler
                0x0000000000002cd4       0x28 ./drivers/fsl_uart.o
                0x0000000000002cd4                UART1_DriverIRQHandler
 .text.UART2_DriverIRQHandler
                0x0000000000002cfc       0x28 ./drivers/fsl_uart.o
                0x0000000000002cfc                UART2_DriverIRQHandler
 .text.UART5_DriverIRQHandler
                0x0000000000002d24       0x28 ./drivers/fsl_uart.o
                0x0000000000002d24                UART5_DriverIRQHandler
 .text.SystemInit
                0x0000000000002d4c       0x3c ./device/system_MK64F12.o
                0x0000000000002d4c                SystemInit
 .text          0x0000000000002d88      0x378 /usr/local/mcuxpressoide-11.5.0_7232/ide/plugins/com.nxp.mcuxpresso.tools.linux_11.5.0.202107051138/tools/bin/../lib/gcc/arm-none-eabi/10.3.1/thumb/v7e-m+fp/hard/libgcc.a(_arm_addsubdf3.o)
                0x0000000000002d88                __aeabi_drsub
                0x0000000000002d90                __aeabi_dsub
                0x0000000000002d90                __subdf3
                0x0000000000002d94                __adddf3
                0x0000000000002d94                __aeabi_dadd
                0x000000000000300c                __aeabi_ui2d
                0x000000000000300c                __floatunsidf
                0x000000000000302c                __floatsidf
                0x000000000000302c                __aeabi_i2d
                0x0000000000003050                __extendsfdf2
                0x0000000000003050                __aeabi_f2d
                0x0000000000003094                __aeabi_ul2d
                0x0000000000003094                __floatundidf
                0x00000000000030a4                __floatdidf
                0x00000000000030a4                __aeabi_l2d
 .text          0x0000000000003100      0x424 /usr/local/mcuxpressoide-11.5.0_7232/ide/plugins/com.nxp.mcuxpresso.tools.linux_11.5.0.202107051138/tools/bin/../lib/gcc/arm-none-eabi/10.3.1/thumb/v7e-m+fp/hard/libgcc.a(_arm_muldivdf3.o)
                0x0000000000003100                __aeabi_dmul
                0x0000000000003100                __muldf3
                0x0000000000003354                __aeabi_ddiv
                0x0000000000003354                __divdf3
 .text          0x0000000000003524       0x40 /usr/local/mcuxpressoide-11.5.0_7232/ide/plugins/com.nxp.mcuxpresso.tools.linux_11.5.0.202107051138/tools/bin/../lib/gcc/arm-none-eabi/10.3.1/thumb/v7e-m+fp/hard/libgcc.a(_arm_fixunsdfsi.o)
                0x0000000000003524                __fixunsdfsi
                0x0000000000003524                __aeabi_d2uiz
 .text          0x0000000000003564       0xa0 /usr/local/mcuxpressoide-11.5.0_7232/ide/plugins/com.nxp.mcuxpresso.tools.linux_11.5.0.202107051138/tools/bin/../lib/gcc/arm-none-eabi/10.3.1/thumb/v7e-m+fp/hard/libgcc.a(_arm_truncdfsf2.o)
                0x0000000000003564                __aeabi_d2f
                0x0000000000003564                __truncdfsf2
 .text.clock    0x0000000000003604       0x28 /usr/local/mcuxpressoide-11.5.0_7232/ide/plugins/com.nxp.mcuxpresso.tools.linux_11.5.0.202107051138/tools/bin/../lib/gcc/arm-none-eabi/10.3.1/../../../../arm-none-eabi/lib/thumb/v7e-m+fp/hard/libc_nano.a(lib_a-clock.o)
                0x0000000000003604                clock
 .text.__errno  0x000000000000362c        0xc /usr/local/mcuxpressoide-11.5.0_7232/ide/plugins/com.nxp.mcuxpresso.tools.linux_11.5.0.202107051138/tools/bin/../lib/gcc/arm-none-eabi/10.3.1/../../../../arm-none-eabi/lib/thumb/v7e-m+fp/hard/libc_nano.a(lib_a-errno.o)
                0x000000000000362c                __errno
 .text.__libc_init_array
                0x0000000000003638       0x48 /usr/local/mcuxpressoide-11.5.0_7232/ide/plugins/com.nxp.mcuxpresso.tools.linux_11.5.0.202107051138/tools/bin/../lib/gcc/arm-none-eabi/10.3.1/../../../../arm-none-eabi/lib/thumb/v7e-m+fp/hard/libc_nano.a(lib_a-init.o)
                0x0000000000003638                __libc_init_array
 .text.malloc   0x0000000000003680       0x10 /usr/local/mcuxpressoide-11.5.0_7232/ide/plugins/com.nxp.mcuxpresso.tools.linux_11.5.0.202107051138/tools/bin/../lib/gcc/arm-none-eabi/10.3.1/../../../../arm-none-eabi/lib/thumb/v7e-m+fp/hard/libc_nano.a(lib_a-malloc.o)
                0x0000000000003680                malloc
 .text._free_r  0x0000000000003690       0x98 /usr/local/mcuxpressoide-11.5.0_7232/ide/plugins/com.nxp.mcuxpresso.tools.linux_11.5.0.202107051138/tools/bin/../lib/gcc/arm-none-eabi/10.3.1/../../../../arm-none-eabi/lib/thumb/v7e-m+fp/hard/libc_nano.a(lib_a-nano-freer.o)
                0x0000000000003690                _free_r
 .text.sbrk_aligned
                0x0000000000003728       0x40 /usr/local/mcuxpressoide-11.5.0_7232/ide/plugins/com.nxp.mcuxpresso.tools.linux_11.5.0.202107051138/tools/bin/../lib/gcc/arm-none-eabi/10.3.1/../../../../arm-none-eabi/lib/thumb/v7e-m+fp/hard/libc_nano.a(lib_a-nano-mallocr.o)
 .text._malloc_r
                0x0000000000003768       0xe8 /usr/local/mcuxpressoide-11.5.0_7232/ide/plugins/com.nxp.mcuxpresso.tools.linux_11.5.0.202107051138/tools/bin/../lib/gcc/arm-none-eabi/10.3.1/../../../../arm-none-eabi/lib/thumb/v7e-m+fp/hard/libc_nano.a(lib_a-nano-mallocr.o)
                0x0000000000003768                _malloc_r
 .text._vfprintf_r
                0x0000000000003850      0x260 /usr/local/mcuxpressoide-11.5.0_7232/ide/plugins/com.nxp.mcuxpresso.tools.linux_11.5.0.202107051138/tools/bin/../lib/gcc/arm-none-eabi/10.3.1/../../../../arm-none-eabi/lib/thumb/v7e-m+fp/hard/libc_nano.a(lib_a-nano-vfprintf.o)
                0x0000000000003850                _vfiprintf_r
                0x0000000000003850                _vfprintf_r
 .text._printf_i
                0x0000000000003ab0      0x24c /usr/local/mcuxpressoide-11.5.0_7232/ide/plugins/com.nxp.mcuxpresso.tools.linux_11.5.0.202107051138/tools/bin/../lib/gcc/arm-none-eabi/10.3.1/../../../../arm-none-eabi/lib/thumb/v7e-m+fp/hard/libc_nano.a(lib_a-nano-vfprintf_i.o)
                0x0000000000003ab0                _printf_i
 .text.printf   0x0000000000003cfc       0x30 /usr/local/mcuxpressoide-11.5.0_7232/ide/plugins/com.nxp.mcuxpresso.tools.linux_11.5.0.202107051138/tools/bin/../lib/gcc/arm-none-eabi/10.3.1/../../../../arm-none-eabi/lib/thumb/v7e-m+fp/hard/libc_nano.a(lib_a-printf.o)
                0x0000000000003cfc                printf
                0x0000000000003cfc                iprintf
 .text._sbrk_r  0x0000000000003d2c       0x20 /usr/local/mcuxpressoide-11.5.0_7232/ide/plugins/com.nxp.mcuxpresso.tools.linux_11.5.0.202107051138/tools/bin/../lib/gcc/arm-none-eabi/10.3.1/../../../../arm-none-eabi/lib/thumb/v7e-m+fp/hard/libc_nano.a(lib_a-sbrkr.o)
                0x0000000000003d2c                _sbrk_r
 .text.__swbuf_r
                0x0000000000003d4c       0xa4 /usr/local/mcuxpressoide-11.5.0_7232/ide/plugins/com.nxp.mcuxpresso.tools.linux_11.5.0.202107051138/tools/bin/../lib/gcc/arm-none-eabi/10.3.1/../../../../arm-none-eabi/lib/thumb/v7e-m+fp/hard/libc_nano.a(lib_a-wbuf.o)
                0x0000000000003d4c                __swbuf_r
 .text.__swsetup_r
                0x0000000000003df0       0xdc /usr/local/mcuxpressoide-11.5.0_7232/ide/plugins/com.nxp.mcuxpresso.tools.linux_11.5.0.202107051138/tools/bin/../lib/gcc/arm-none-eabi/10.3.1/../../../../arm-none-eabi/lib/thumb/v7e-m+fp/hard/libc_nano.a(lib_a-wsetup.o)
                0x0000000000003df0                __swsetup_r
 .text.__sflush_r
                0x0000000000003ecc      0x10c /usr/local/mcuxpressoide-11.5.0_7232/ide/plugins/com.nxp.mcuxpresso.tools.linux_11.5.0.202107051138/tools/bin/../lib/gcc/arm-none-eabi/10.3.1/../../../../arm-none-eabi/lib/thumb/v7e-m+fp/hard/libc_nano.a(lib_a-fflush.o)
                0x0000000000003ecc                __sflush_r
 .text._fflush_r
                0x0000000000003fd8       0x78 /usr/local/mcuxpressoide-11.5.0_7232/ide/plugins/com.nxp.mcuxpresso.tools.linux_11.5.0.202107051138/tools/bin/../lib/gcc/arm-none-eabi/10.3.1/../../../../arm-none-eabi/lib/thumb/v7e-m+fp/hard/libc_nano.a(lib_a-fflush.o)
                0x0000000000003fd8                _fflush_r
 .text.std      0x0000000000004050       0x48 /usr/local/mcuxpressoide-11.5.0_7232/ide/plugins/com.nxp.mcuxpresso.tools.linux_11.5.0.202107051138/tools/bin/../lib/gcc/arm-none-eabi/10.3.1/../../../../arm-none-eabi/lib/thumb/v7e-m+fp/hard/libc_nano.a(lib_a-findfp.o)
 .text._cleanup_r
                0x0000000000004098        0xc /usr/local/mcuxpressoide-11.5.0_7232/ide/plugins/com.nxp.mcuxpresso.tools.linux_11.5.0.202107051138/tools/bin/../lib/gcc/arm-none-eabi/10.3.1/../../../../arm-none-eabi/lib/thumb/v7e-m+fp/hard/libc_nano.a(lib_a-findfp.o)
                0x0000000000004098                _cleanup_r
 .text.__sfp_lock_acquire
                0x00000000000040a4        0xc /usr/local/mcuxpressoide-11.5.0_7232/ide/plugins/com.nxp.mcuxpresso.tools.linux_11.5.0.202107051138/tools/bin/../lib/gcc/arm-none-eabi/10.3.1/../../../../arm-none-eabi/lib/thumb/v7e-m+fp/hard/libc_nano.a(lib_a-findfp.o)
                0x00000000000040a4                __sfp_lock_acquire
 .text.__sfp_lock_release
                0x00000000000040b0        0xc /usr/local/mcuxpressoide-11.5.0_7232/ide/plugins/com.nxp.mcuxpresso.tools.linux_11.5.0.202107051138/tools/bin/../lib/gcc/arm-none-eabi/10.3.1/../../../../arm-none-eabi/lib/thumb/v7e-m+fp/hard/libc_nano.a(lib_a-findfp.o)
                0x00000000000040b0                __sfp_lock_release
 .text.__sinit_lock_acquire
                0x00000000000040bc        0xc /usr/local/mcuxpressoide-11.5.0_7232/ide/plugins/com.nxp.mcuxpresso.tools.linux_11.5.0.202107051138/tools/bin/../lib/gcc/arm-none-eabi/10.3.1/../../../../arm-none-eabi/lib/thumb/v7e-m+fp/hard/libc_nano.a(lib_a-findfp.o)
                0x00000000000040bc                __sinit_lock_acquire
 .text.__sinit_lock_release
                0x00000000000040c8        0xc /usr/local/mcuxpressoide-11.5.0_7232/ide/plugins/com.nxp.mcuxpresso.tools.linux_11.5.0.202107051138/tools/bin/../lib/gcc/arm-none-eabi/10.3.1/../../../../arm-none-eabi/lib/thumb/v7e-m+fp/hard/libc_nano.a(lib_a-findfp.o)
                0x00000000000040c8                __sinit_lock_release
 .text.__sinit  0x00000000000040d4       0x70 /usr/local/mcuxpressoide-11.5.0_7232/ide/plugins/com.nxp.mcuxpresso.tools.linux_11.5.0.202107051138/tools/bin/../lib/gcc/arm-none-eabi/10.3.1/../../../../arm-none-eabi/lib/thumb/v7e-m+fp/hard/libc_nano.a(lib_a-findfp.o)
                0x00000000000040d4                __sinit
 .text.__sfp    0x0000000000004144       0x8c /usr/local/mcuxpressoide-11.5.0_7232/ide/plugins/com.nxp.mcuxpresso.tools.linux_11.5.0.202107051138/tools/bin/../lib/gcc/arm-none-eabi/10.3.1/../../../../arm-none-eabi/lib/thumb/v7e-m+fp/hard/libc_nano.a(lib_a-findfp.o)
                0x0000000000004144                __sfp
 .text.__smakebuf_r
                0x00000000000041d0       0x80 /usr/local/mcuxpressoide-11.5.0_7232/ide/plugins/com.nxp.mcuxpresso.tools.linux_11.5.0.202107051138/tools/bin/../lib/gcc/arm-none-eabi/10.3.1/../../../../arm-none-eabi/lib/thumb/v7e-m+fp/hard/libc_nano.a(lib_a-makebuf.o)
                0x00000000000041d0                __smakebuf_r
 .text.__malloc_lock
                0x0000000000004250        0xc /usr/local/mcuxpressoide-11.5.0_7232/ide/plugins/com.nxp.mcuxpresso.tools.linux_11.5.0.202107051138/tools/bin/../lib/gcc/arm-none-eabi/10.3.1/../../../../arm-none-eabi/lib/thumb/v7e-m+fp/hard/libc_nano.a(lib_a-mlock.o)
                0x0000000000004250                __malloc_lock
 .text.__malloc_unlock
                0x000000000000425c        0xc /usr/local/mcuxpressoide-11.5.0_7232/ide/plugins/com.nxp.mcuxpresso.tools.linux_11.5.0.202107051138/tools/bin/../lib/gcc/arm-none-eabi/10.3.1/../../../../arm-none-eabi/lib/thumb/v7e-m+fp/hard/libc_nano.a(lib_a-mlock.o)
                0x000000000000425c                __malloc_unlock
 .text._write_r
                0x0000000000004268       0x24 /usr/local/mcuxpressoide-11.5.0_7232/ide/plugins/com.nxp.mcuxpresso.tools.linux_11.5.0.202107051138/tools/bin/../lib/gcc/arm-none-eabi/10.3.1/../../../../arm-none-eabi/lib/thumb/v7e-m+fp/hard/libc_nano.a(lib_a-writer.o)
                0x0000000000004268                _write_r
 .text._close_r
                0x000000000000428c       0x20 /usr/local/mcuxpressoide-11.5.0_7232/ide/plugins/com.nxp.mcuxpresso.tools.linux_11.5.0.202107051138/tools/bin/../lib/gcc/arm-none-eabi/10.3.1/../../../../arm-none-eabi/lib/thumb/v7e-m+fp/hard/libc_nano.a(lib_a-closer.o)
                0x000000000000428c                _close_r
 .text._fstat_r
                0x00000000000042ac       0x24 /usr/local/mcuxpressoide-11.5.0_7232/ide/plugins/com.nxp.mcuxpresso.tools.linux_11.5.0.202107051138/tools/bin/../lib/gcc/arm-none-eabi/10.3.1/../../../../arm-none-eabi/lib/thumb/v7e-m+fp/hard/libc_nano.a(lib_a-fstatr.o)
                0x00000000000042ac                _fstat_r
 .text._isatty_r
                0x00000000000042d0       0x20 /usr/local/mcuxpressoide-11.5.0_7232/ide/plugins/com.nxp.mcuxpresso.tools.linux_11.5.0.202107051138/tools/bin/../lib/gcc/arm-none-eabi/10.3.1/../../../../arm-none-eabi/lib/thumb/v7e-m+fp/hard/libc_nano.a(lib_a-isattyr.o)
                0x00000000000042d0                _isatty_r
 .text._lseek_r
                0x00000000000042f0       0x24 /usr/local/mcuxpressoide-11.5.0_7232/ide/plugins/com.nxp.mcuxpresso.tools.linux_11.5.0.202107051138/tools/bin/../lib/gcc/arm-none-eabi/10.3.1/../../../../arm-none-eabi/lib/thumb/v7e-m+fp/hard/libc_nano.a(lib_a-lseekr.o)
                0x00000000000042f0                _lseek_r
 .text._read_r  0x0000000000004314       0x24 /usr/local/mcuxpressoide-11.5.0_7232/ide/plugins/com.nxp.mcuxpresso.tools.linux_11.5.0.202107051138/tools/bin/../lib/gcc/arm-none-eabi/10.3.1/../../../../arm-none-eabi/lib/thumb/v7e-m+fp/hard/libc_nano.a(lib_a-readr.o)
                0x0000000000004314                _read_r
 .text._sbrk    0x0000000000004338       0x3c /usr/local/mcuxpressoide-11.5.0_7232/ide/plugins/com.nxp.mcuxpresso.tools.linux_11.5.0.202107051138/tools/bin/../lib/gcc/arm-none-eabi/10.3.1/../../../../arm-none-eabi/lib/thumb/v7e-m+fp/hard/libcr_newlib_semihost.a(_cr_sbrk.o)
                0x0000000000004338                _sbrk
 .text.initialise_monitor_handles.part.0
                0x0000000000004374       0xa4 /usr/local/mcuxpressoide-11.5.0_7232/ide/plugins/com.nxp.mcuxpresso.tools.linux_11.5.0.202107051138/tools/bin/../lib/gcc/arm-none-eabi/10.3.1/../../../../arm-none-eabi/lib/thumb/v7e-m+fp/hard/libcr_newlib_semihost.a(syscalls.o)
 .text.findslot
                0x0000000000004418       0x30 /usr/local/mcuxpressoide-11.5.0_7232/ide/plugins/com.nxp.mcuxpresso.tools.linux_11.5.0.202107051138/tools/bin/../lib/gcc/arm-none-eabi/10.3.1/../../../../arm-none-eabi/lib/thumb/v7e-m+fp/hard/libcr_newlib_semihost.a(syscalls.o)
 .text._close   0x0000000000004448       0x4c /usr/local/mcuxpressoide-11.5.0_7232/ide/plugins/com.nxp.mcuxpresso.tools.linux_11.5.0.202107051138/tools/bin/../lib/gcc/arm-none-eabi/10.3.1/../../../../arm-none-eabi/lib/thumb/v7e-m+fp/hard/libcr_newlib_semihost.a(syscalls.o)
                0x0000000000004448                _close
 .text.__check_heap_overflow
                0x0000000000004494       0x18 /usr/local/mcuxpressoide-11.5.0_7232/ide/plugins/com.nxp.mcuxpresso.tools.linux_11.5.0.202107051138/tools/bin/../lib/gcc/arm-none-eabi/10.3.1/../../../../arm-none-eabi/lib/thumb/v7e-m+fp/hard/libcr_newlib_semihost.a(_cr_check_heap.o)
                0x0000000000004494                __check_heap_overflow
 .text          0x00000000000044ac       0x40 /usr/local/mcuxpressoide-11.5.0_7232/ide/plugins/com.nxp.mcuxpresso.tools.linux_11.5.0.202107051138/tools/bin/../lib/gcc/arm-none-eabi/10.3.1/thumb/v7e-m+fp/hard/crtbegin.o
 .text.DMA0_IRQHandler
                0x00000000000044ec        0x8 ./startup/startup_mk64f12.o
                0x00000000000044ec                DMA0_IRQHandler
 .text.DMA1_IRQHandler
                0x00000000000044f4        0x8 ./startup/startup_mk64f12.o
                0x00000000000044f4                DMA1_IRQHandler
 .text.DMA2_IRQHandler
                0x00000000000044fc        0x8 ./startup/startup_mk64f12.o
                0x00000000000044fc                DMA2_IRQHandler
 .text.DMA3_IRQHandler
                0x0000000000004504        0x8 ./startup/startup_mk64f12.o
                0x0000000000004504                DMA3_IRQHandler
 .text.DMA4_IRQHandler
                0x000000000000450c        0x8 ./startup/startup_mk64f12.o
                0x000000000000450c                DMA4_IRQHandler
 .text.DMA5_IRQHandler
                0x0000000000004514        0x8 ./startup/startup_mk64f12.o
                0x0000000000004514                DMA5_IRQHandler
 .text.DMA6_IRQHandler
                0x000000000000451c        0x8 ./startup/startup_mk64f12.o
                0x000000000000451c                DMA6_IRQHandler
 .text.DMA7_IRQHandler
                0x0000000000004524        0x8 ./startup/startup_mk64f12.o
                0x0000000000004524                DMA7_IRQHandler
 .text.DMA8_IRQHandler
                0x000000000000452c        0x8 ./startup/startup_mk64f12.o
                0x000000000000452c                DMA8_IRQHandler
 .text.DMA9_IRQHandler
                0x0000000000004534        0x8 ./startup/startup_mk64f12.o
                0x0000000000004534                DMA9_IRQHandler
 .text.DMA10_IRQHandler
                0x000000000000453c        0x8 ./startup/startup_mk64f12.o
                0x000000000000453c                DMA10_IRQHandler
 .text.DMA11_IRQHandler
                0x0000000000004544        0x8 ./startup/startup_mk64f12.o
                0x0000000000004544                DMA11_IRQHandler
 .text.DMA12_IRQHandler
                0x000000000000454c        0x8 ./startup/startup_mk64f12.o
                0x000000000000454c                DMA12_IRQHandler
 .text.DMA13_IRQHandler
                0x0000000000004554        0x8 ./startup/startup_mk64f12.o
                0x0000000000004554                DMA13_IRQHandler
 .text.DMA14_IRQHandler
                0x000000000000455c        0x8 ./startup/startup_mk64f12.o
                0x000000000000455c                DMA14_IRQHandler
 .text.DMA15_IRQHandler
                0x0000000000004564        0x8 ./startup/startup_mk64f12.o
                0x0000000000004564                DMA15_IRQHandler
 .text.DMA_Error_IRQHandler
                0x000000000000456c        0x8 ./startup/startup_mk64f12.o
                0x000000000000456c                DMA_Error_IRQHandler
 .text.MCM_IRQHandler
                0x0000000000004574        0x8 ./startup/startup_mk64f12.o
                0x0000000000004574                MCM_IRQHandler
 .text.FTFE_IRQHandler
                0x000000000000457c        0x8 ./startup/startup_mk64f12.o
                0x000000000000457c                FTFE_IRQHandler
 .text.Read_Collision_IRQHandler
                0x0000000000004584        0x8 ./startup/startup_mk64f12.o
                0x0000000000004584                Read_Collision_IRQHandler
 .text.LVD_LVW_IRQHandler
                0x000000000000458c        0x8 ./startup/startup_mk64f12.o
                0x000000000000458c                LVD_LVW_IRQHandler
 .text.LLWU_IRQHandler
                0x0000000000004594        0x8 ./startup/startup_mk64f12.o
                0x0000000000004594                LLWU_IRQHandler
 .text.WDOG_EWM_IRQHandler
                0x000000000000459c        0x8 ./startup/startup_mk64f12.o
                0x000000000000459c                WDOG_EWM_IRQHandler
 .text.RNG_IRQHandler
                0x00000000000045a4        0x8 ./startup/startup_mk64f12.o
                0x00000000000045a4                RNG_IRQHandler
 .text.I2C0_IRQHandler
                0x00000000000045ac        0x8 ./startup/startup_mk64f12.o
                0x00000000000045ac                I2C0_IRQHandler
 .text.I2C1_IRQHandler
                0x00000000000045b4        0x8 ./startup/startup_mk64f12.o
                0x00000000000045b4                I2C1_IRQHandler
 .text.SPI0_IRQHandler
                0x00000000000045bc        0x8 ./startup/startup_mk64f12.o
                0x00000000000045bc                SPI0_IRQHandler
 .text.SPI1_IRQHandler
                0x00000000000045c4        0x8 ./startup/startup_mk64f12.o
                0x00000000000045c4                SPI1_IRQHandler
 .text.I2S0_Tx_IRQHandler
                0x00000000000045cc        0x8 ./startup/startup_mk64f12.o
                0x00000000000045cc                I2S0_Tx_IRQHandler
 .text.I2S0_Rx_IRQHandler
                0x00000000000045d4        0x8 ./startup/startup_mk64f12.o
                0x00000000000045d4                I2S0_Rx_IRQHandler
 .text.UART0_LON_IRQHandler
                0x00000000000045dc        0x8 ./startup/startup_mk64f12.o
                0x00000000000045dc                UART0_LON_IRQHandler
 .text.UART0_RX_TX_IRQHandler
                0x00000000000045e4        0x8 ./startup/startup_mk64f12.o
                0x00000000000045e4                UART0_RX_TX_IRQHandler
 .text.UART0_ERR_IRQHandler
                0x00000000000045ec        0x8 ./startup/startup_mk64f12.o
                0x00000000000045ec                UART0_ERR_IRQHandler
 .text.UART1_RX_TX_IRQHandler
                0x00000000000045f4        0x8 ./startup/startup_mk64f12.o
                0x00000000000045f4                UART1_RX_TX_IRQHandler
 .text.UART1_ERR_IRQHandler
                0x00000000000045fc        0x8 ./startup/startup_mk64f12.o
                0x00000000000045fc                UART1_ERR_IRQHandler
 .text.UART2_RX_TX_IRQHandler
                0x0000000000004604        0x8 ./startup/startup_mk64f12.o
                0x0000000000004604                UART2_RX_TX_IRQHandler
 .text.UART2_ERR_IRQHandler
                0x000000000000460c        0x8 ./startup/startup_mk64f12.o
                0x000000000000460c                UART2_ERR_IRQHandler
 .text.UART3_ERR_IRQHandler
                0x0000000000004614        0x8 ./startup/startup_mk64f12.o
                0x0000000000004614                UART3_ERR_IRQHandler
 .text.ADC0_IRQHandler
                0x000000000000461c        0x8 ./startup/startup_mk64f12.o
                0x000000000000461c                ADC0_IRQHandler
 .text.CMP0_IRQHandler
                0x0000000000004624        0x8 ./startup/startup_mk64f12.o
                0x0000000000004624                CMP0_IRQHandler
 .text.CMP1_IRQHandler
                0x000000000000462c        0x8 ./startup/startup_mk64f12.o
                0x000000000000462c                CMP1_IRQHandler
 .text.FTM0_IRQHandler
                0x0000000000004634        0x8 ./startup/startup_mk64f12.o
                0x0000000000004634                FTM0_IRQHandler
 .text.FTM2_IRQHandler
                0x000000000000463c        0x8 ./startup/startup_mk64f12.o
                0x000000000000463c                FTM2_IRQHandler
 .text.CMT_IRQHandler
                0x0000000000004644        0x8 ./startup/startup_mk64f12.o
                0x0000000000004644                CMT_IRQHandler
 .text.RTC_IRQHandler
                0x000000000000464c        0x8 ./startup/startup_mk64f12.o
                0x000000000000464c                RTC_IRQHandler
 .text.RTC_Seconds_IRQHandler
                0x0000000000004654        0x8 ./startup/startup_mk64f12.o
                0x0000000000004654                RTC_Seconds_IRQHandler
 .text.PDB0_IRQHandler
                0x000000000000465c        0x8 ./startup/startup_mk64f12.o
                0x000000000000465c                PDB0_IRQHandler
 .text.USB0_IRQHandler
                0x0000000000004664        0x8 ./startup/startup_mk64f12.o
                0x0000000000004664                USB0_IRQHandler
 .text.USBDCD_IRQHandler
                0x000000000000466c        0x8 ./startup/startup_mk64f12.o
                0x000000000000466c                USBDCD_IRQHandler
 .text.Reserved71_IRQHandler
                0x0000000000004674        0x8 ./startup/startup_mk64f12.o
                0x0000000000004674                Reserved71_IRQHandler
 .text.DAC0_IRQHandler
                0x000000000000467c        0x8 ./startup/startup_mk64f12.o
                0x000000000000467c                DAC0_IRQHandler
 .text.MCG_IRQHandler
                0x0000000000004684        0x8 ./startup/startup_mk64f12.o
                0x0000000000004684                MCG_IRQHandler
 .text.LPTMR0_IRQHandler
                0x000000000000468c        0x8 ./startup/startup_mk64f12.o
                0x000000000000468c                LPTMR0_IRQHandler
 .text.PORTA_IRQHandler
                0x0000000000004694        0x8 ./startup/startup_mk64f12.o
                0x0000000000004694                PORTA_IRQHandler
 .text.PORTC_IRQHandler
                0x000000000000469c        0x8 ./startup/startup_mk64f12.o
                0x000000000000469c                PORTC_IRQHandler
 .text.PORTE_IRQHandler
                0x00000000000046a4        0x8 ./startup/startup_mk64f12.o
                0x00000000000046a4                PORTE_IRQHandler
 .text.SWI_IRQHandler
                0x00000000000046ac        0x8 ./startup/startup_mk64f12.o
                0x00000000000046ac                SWI_IRQHandler
 .text.SPI2_IRQHandler
                0x00000000000046b4        0x8 ./startup/startup_mk64f12.o
                0x00000000000046b4                SPI2_IRQHandler
 .text.UART4_ERR_IRQHandler
                0x00000000000046bc        0x8 ./startup/startup_mk64f12.o
                0x00000000000046bc                UART4_ERR_IRQHandler
 .text.UART5_RX_TX_IRQHandler
                0x00000000000046c4        0x8 ./startup/startup_mk64f12.o
                0x00000000000046c4                UART5_RX_TX_IRQHandler
 .text.UART5_ERR_IRQHandler
                0x00000000000046cc        0x8 ./startup/startup_mk64f12.o
                0x00000000000046cc                UART5_ERR_IRQHandler
 .text.CMP2_IRQHandler
                0x00000000000046d4        0x8 ./startup/startup_mk64f12.o
                0x00000000000046d4                CMP2_IRQHandler
 .text.FTM3_IRQHandler
                0x00000000000046dc        0x8 ./startup/startup_mk64f12.o
                0x00000000000046dc                FTM3_IRQHandler
 .text.DAC1_IRQHandler
                0x00000000000046e4        0x8 ./startup/startup_mk64f12.o
                0x00000000000046e4                DAC1_IRQHandler
 .text.ADC1_IRQHandler
                0x00000000000046ec        0x8 ./startup/startup_mk64f12.o
                0x00000000000046ec                ADC1_IRQHandler
 .text.I2C2_IRQHandler
                0x00000000000046f4        0x8 ./startup/startup_mk64f12.o
                0x00000000000046f4                I2C2_IRQHandler
 .text.CAN0_ORed_Message_buffer_IRQHandler
                0x00000000000046fc        0x8 ./startup/startup_mk64f12.o
                0x00000000000046fc                CAN0_ORed_Message_buffer_IRQHandler
 .text.CAN0_Bus_Off_IRQHandler
                0x0000000000004704        0x8 ./startup/startup_mk64f12.o
                0x0000000000004704                CAN0_Bus_Off_IRQHandler
 .text.CAN0_Error_IRQHandler
                0x000000000000470c        0x8 ./startup/startup_mk64f12.o
                0x000000000000470c                CAN0_Error_IRQHandler
 .text.CAN0_Tx_Warning_IRQHandler
                0x0000000000004714        0x8 ./startup/startup_mk64f12.o
                0x0000000000004714                CAN0_Tx_Warning_IRQHandler
 .text.CAN0_Rx_Warning_IRQHandler
                0x000000000000471c        0x8 ./startup/startup_mk64f12.o
                0x000000000000471c                CAN0_Rx_Warning_IRQHandler
 .text.CAN0_Wake_Up_IRQHandler
                0x0000000000004724        0x8 ./startup/startup_mk64f12.o
                0x0000000000004724                CAN0_Wake_Up_IRQHandler
 .text.SDHC_IRQHandler
                0x000000000000472c        0x8 ./startup/startup_mk64f12.o
                0x000000000000472c                SDHC_IRQHandler
 .text.ENET_1588_Timer_IRQHandler
                0x0000000000004734        0x8 ./startup/startup_mk64f12.o
                0x0000000000004734                ENET_1588_Timer_IRQHandler
 .text.ENET_Transmit_IRQHandler
                0x000000000000473c        0x8 ./startup/startup_mk64f12.o
                0x000000000000473c                ENET_Transmit_IRQHandler
 .text.ENET_Receive_IRQHandler
                0x0000000000004744        0x8 ./startup/startup_mk64f12.o
                0x0000000000004744                ENET_Receive_IRQHandler
 .text.ENET_Error_IRQHandler
                0x000000000000474c        0x8 ./startup/startup_mk64f12.o
                0x000000000000474c                ENET_Error_IRQHandler
 .text.mAd_Setup
                0x0000000000004754       0x14 ./source/Modules/mAd.o
                0x0000000000004754                mAd_Setup
 .text.mAd_Open
                0x0000000000004768        0xe ./source/Modules/mAd.o
                0x0000000000004768                mAd_Open
 .text.mCpu_Setup
                0x0000000000004776        0xc ./source/Modules/mCpu.o
                0x0000000000004776                mCpu_Setup
 .text.mDac_Setup
                0x0000000000004782       0x10 ./source/Modules/mDac.o
                0x0000000000004782                mDac_Setup
 .text.mDac_Open
                0x0000000000004792        0xe ./source/Modules/mDac.o
                0x0000000000004792                mDac_Open
 .text.mDelay_Setup
                0x00000000000047a0       0x24 ./source/Modules/mDelay.o
                0x00000000000047a0                mDelay_Setup
 .text.mDelay_Open
                0x00000000000047c4       0x14 ./source/Modules/mDelay.o
                0x00000000000047c4                mDelay_Open
 .text.mDelay_GetDelay
                0x00000000000047d8       0x26 ./source/Modules/mDelay.o
                0x00000000000047d8                mDelay_GetDelay
 .text.mDelay_DelayRelease
                0x00000000000047fe       0x24 ./source/Modules/mDelay.o
                0x00000000000047fe                mDelay_DelayRelease
 .text.mDelay_ReStart
                0x0000000000004822       0x26 ./source/Modules/mDelay.o
                0x0000000000004822                mDelay_ReStart
 .text.mDelay_IsDelayDone
                0x0000000000004848       0x26 ./source/Modules/mDelay.o
                0x0000000000004848                mDelay_IsDelayDone
 .text.usleep   0x000000000000486e       0x38 ./source/Modules/mDelay.o
                0x000000000000486e                usleep
 .text.mLeds_Setup
                0x00000000000048a6       0x14 ./source/Modules/mLeds.o
                0x00000000000048a6                mLeds_Setup
 .text.mLeds_Open
                0x00000000000048ba        0xe ./source/Modules/mLeds.o
                0x00000000000048ba                mLeds_Open
 .text.mRs232_Setup
                0x00000000000048c8        0xe ./source/Modules/mRS232.o
                0x00000000000048c8                mRs232_Setup
 .text.mRs232_Open
                0x00000000000048d6        0xe ./source/Modules/mRS232.o
                0x00000000000048d6                mRs232_Open
 .text.mSpi_Setup
                0x00000000000048e4       0x2e ./source/Modules/mSpi.o
                0x00000000000048e4                mSpi_Setup
 .text.mSpi_Open
                0x0000000000004912       0x28 ./source/Modules/mSpi.o
                0x0000000000004912                mSpi_Open
 .text.mSpi_SP1ReadWrite
                0x000000000000493a       0x6c ./source/Modules/mSpi.o
                0x000000000000493a                mSpi_SP1ReadWrite
 .text.mSwitch_Open
                0x00000000000049a6        0xe ./source/Modules/mSwitch.o
                0x00000000000049a6                mSwitch_Open
 .text.mTimer_Setup
                0x00000000000049b4       0x3c ./source/Modules/mTimer.o
                0x00000000000049b4                mTimer_Setup
 .text.mTimer_SetServoDuty
                0x00000000000049f0       0x22 ./source/Modules/mTimer.o
                0x00000000000049f0                mTimer_SetServoDuty
 .text.mTimer_SetMotorDuty
                0x0000000000004a12       0x22 ./source/Modules/mTimer.o
                0x0000000000004a12                mTimer_SetMotorDuty
 .text._ZN11Link2SPI_SS4recvEPhhPt
                0x0000000000004a34       0x80 ./source/Applications/gInput.o
                0x0000000000004a34                Link2SPI_SS::recv(unsigned char*, unsigned char, unsigned short*)
 .text._ZN11Link2SPI_SS4sendEPhh
                0x0000000000004ab4       0x52 ./source/Applications/gInput.o
                0x0000000000004ab4                Link2SPI_SS::send(unsigned char*, unsigned char)
 .text._ZL10CopyVectorP13VectorFlaggedP6Vector
                0x0000000000004b06       0x46 ./source/Applications/gInput.o
 .text._ZL30CopyPixyVectorsToVectorFlaggedP6VectorP13VectorFlaggedh
                0x0000000000004b4c       0x50 ./source/Applications/gInput.o
 .text._ZL13FiltreVectorsP6VectorP13VectorFlaggedh
                0x0000000000004b9c       0xb8 ./source/Applications/gInput.o
 .text._Z14gInput_ExecuteR6TPixy2I11Link2SPI_SSE
                0x0000000000004c54       0xf4 ./source/Applications/gInput.o
                0x0000000000004c54                gInput_Execute(TPixy2<Link2SPI_SS>&)
 .text._ZN9Pixy2LineI11Link2SPI_SSE14getAllFeaturesEhb
                0x0000000000004d48       0x26 ./source/Applications/gInput.o
                0x0000000000004d48                Pixy2Line<Link2SPI_SS>::getAllFeatures(unsigned char, bool)
 .text._ZN6TPixy2I11Link2SPI_SSE10sendPacketEv
                0x0000000000004d6e       0x5a ./source/Applications/gInput.o
                0x0000000000004d6e                TPixy2<Link2SPI_SS>::sendPacket()
 .text._ZN11Link2SPI_SS4openEm
                0x0000000000004dc8       0x18 ./source/main.o
                0x0000000000004dc8                Link2SPI_SS::open(unsigned long)
 .text._ZN6TPixy2I11Link2SPI_SSEC2Ev
                0x0000000000004de0       0x64 ./source/main.o
                0x0000000000004de0                TPixy2<Link2SPI_SS>::TPixy2()
                0x0000000000004de0                TPixy2<Link2SPI_SS>::TPixy2()
 .text._ZN6TPixy2I11Link2SPI_SSE7setLampEhh
                0x0000000000004e44       0x7c ./source/main.o
                0x0000000000004e44                TPixy2<Link2SPI_SS>::setLamp(unsigned char, unsigned char)
 .text._ZN8Pixy2CCCI11Link2SPI_SSEC2EP6TPixy2IS0_E
                0x0000000000004ec0       0x1e ./source/main.o
                0x0000000000004ec0                Pixy2CCC<Link2SPI_SS>::Pixy2CCC(TPixy2<Link2SPI_SS>*)
                0x0000000000004ec0                Pixy2CCC<Link2SPI_SS>::Pixy2CCC(TPixy2<Link2SPI_SS>*)
 .text._ZN9Pixy2LineI11Link2SPI_SSEC2EP6TPixy2IS0_E
                0x0000000000004ede       0x1e ./source/main.o
                0x0000000000004ede                Pixy2Line<Link2SPI_SS>::Pixy2Line(TPixy2<Link2SPI_SS>*)
                0x0000000000004ede                Pixy2Line<Link2SPI_SS>::Pixy2Line(TPixy2<Link2SPI_SS>*)
 .text._ZN10Pixy2VideoI11Link2SPI_SSEC2EP6TPixy2IS0_E
                0x0000000000004efc       0x1e ./source/main.o
                0x0000000000004efc                Pixy2Video<Link2SPI_SS>::Pixy2Video(TPixy2<Link2SPI_SS>*)
                0x0000000000004efc                Pixy2Video<Link2SPI_SS>::Pixy2Video(TPixy2<Link2SPI_SS>*)
 .text._ZN6TPixy2I11Link2SPI_SSE10getVersionEv
                0x0000000000004f1a       0x6c ./source/main.o
                0x0000000000004f1a                TPixy2<Link2SPI_SS>::getVersion()
 .text._ZN6TPixy2I11Link2SPI_SSE13getResolutionEv
                0x0000000000004f86       0x70 ./source/main.o
                0x0000000000004f86                TPixy2<Link2SPI_SS>::getResolution()
 .text.HardFault_Handler
                0x0000000000004ff6       0x2c ./source/semihost_hardfault.o
                0x0000000000004ff6                HardFault_Handler
 .text.UART0_RX_TX_DriverIRQHandler
                0x0000000000005022       0x12 ./drivers/fsl_uart.o
                0x0000000000005022                UART0_RX_TX_DriverIRQHandler
 .text.UART1_RX_TX_DriverIRQHandler
                0x0000000000005034       0x12 ./drivers/fsl_uart.o
                0x0000000000005034                UART1_RX_TX_DriverIRQHandler
 .text.UART2_RX_TX_DriverIRQHandler
                0x0000000000005046       0x12 ./drivers/fsl_uart.o
                0x0000000000005046                UART2_RX_TX_DriverIRQHandler
 .text.UART5_RX_TX_DriverIRQHandler
                0x0000000000005058       0x12 ./drivers/fsl_uart.o
                0x0000000000005058                UART5_RX_TX_DriverIRQHandler
 .text.SystemInitHook
                0x000000000000506a        0xe ./device/system_MK64F12.o
                0x000000000000506a                SystemInitHook
 .text.memset   0x0000000000005078       0x10 /usr/local/mcuxpressoide-11.5.0_7232/ide/plugins/com.nxp.mcuxpresso.tools.linux_11.5.0.202107051138/tools/bin/../lib/gcc/arm-none-eabi/10.3.1/../../../../arm-none-eabi/lib/thumb/v7e-m+fp/hard/libc_nano.a(lib_a-memset.o)
                0x0000000000005078                memset
 .text.__sfputc_r
                0x0000000000005088       0x2e /usr/local/mcuxpressoide-11.5.0_7232/ide/plugins/com.nxp.mcuxpresso.tools.linux_11.5.0.202107051138/tools/bin/../lib/gcc/arm-none-eabi/10.3.1/../../../../arm-none-eabi/lib/thumb/v7e-m+fp/hard/libc_nano.a(lib_a-nano-vfprintf.o)
 .text.__sfputs_r
                0x00000000000050b6       0x24 /usr/local/mcuxpressoide-11.5.0_7232/ide/plugins/com.nxp.mcuxpresso.tools.linux_11.5.0.202107051138/tools/bin/../lib/gcc/arm-none-eabi/10.3.1/../../../../arm-none-eabi/lib/thumb/v7e-m+fp/hard/libc_nano.a(lib_a-nano-vfprintf.o)
                0x00000000000050b6                __sfputs_r
 .text._printf_common
                0x00000000000050da       0xda /usr/local/mcuxpressoide-11.5.0_7232/ide/plugins/com.nxp.mcuxpresso.tools.linux_11.5.0.202107051138/tools/bin/../lib/gcc/arm-none-eabi/10.3.1/../../../../arm-none-eabi/lib/thumb/v7e-m+fp/hard/libc_nano.a(lib_a-nano-vfprintf_i.o)
                0x00000000000050da                _printf_common
 .text._times_r
                0x00000000000051b4        0x6 /usr/local/mcuxpressoide-11.5.0_7232/ide/plugins/com.nxp.mcuxpresso.tools.linux_11.5.0.202107051138/tools/bin/../lib/gcc/arm-none-eabi/10.3.1/../../../../arm-none-eabi/lib/thumb/v7e-m+fp/hard/libc_nano.a(lib_a-timesr.o)
                0x00000000000051b4                _times_r
 .text.__sfmoreglue
                0x00000000000051ba       0x2c /usr/local/mcuxpressoide-11.5.0_7232/ide/plugins/com.nxp.mcuxpresso.tools.linux_11.5.0.202107051138/tools/bin/../lib/gcc/arm-none-eabi/10.3.1/../../../../arm-none-eabi/lib/thumb/v7e-m+fp/hard/libc_nano.a(lib_a-findfp.o)
                0x00000000000051ba                __sfmoreglue
 .text._fwalk_reent
                0x00000000000051e6       0x3e /usr/local/mcuxpressoide-11.5.0_7232/ide/plugins/com.nxp.mcuxpresso.tools.linux_11.5.0.202107051138/tools/bin/../lib/gcc/arm-none-eabi/10.3.1/../../../../arm-none-eabi/lib/thumb/v7e-m+fp/hard/libc_nano.a(lib_a-fwalk.o)
                0x00000000000051e6                _fwalk_reent
 .text.__retarget_lock_init_recursive
                0x0000000000005224        0x2 /usr/local/mcuxpressoide-11.5.0_7232/ide/plugins/com.nxp.mcuxpresso.tools.linux_11.5.0.202107051138/tools/bin/../lib/gcc/arm-none-eabi/10.3.1/../../../../arm-none-eabi/lib/thumb/v7e-m+fp/hard/libc_nano.a(lib_a-lock.o)
                0x0000000000005224                __retarget_lock_init_recursive
 .text.__retarget_lock_acquire_recursive
                0x0000000000005226        0x2 /usr/local/mcuxpressoide-11.5.0_7232/ide/plugins/com.nxp.mcuxpresso.tools.linux_11.5.0.202107051138/tools/bin/../lib/gcc/arm-none-eabi/10.3.1/../../../../arm-none-eabi/lib/thumb/v7e-m+fp/hard/libc_nano.a(lib_a-lock.o)
                0x0000000000005226                __retarget_lock_acquire_recursive
 .text.__retarget_lock_release_recursive
                0x0000000000005228        0x2 /usr/local/mcuxpressoide-11.5.0_7232/ide/plugins/com.nxp.mcuxpresso.tools.linux_11.5.0.202107051138/tools/bin/../lib/gcc/arm-none-eabi/10.3.1/../../../../arm-none-eabi/lib/thumb/v7e-m+fp/hard/libc_nano.a(lib_a-lock.o)
                0x0000000000005228                __retarget_lock_release_recursive
 .text.__swhatbuf_r
                0x000000000000522a       0x4a /usr/local/mcuxpressoide-11.5.0_7232/ide/plugins/com.nxp.mcuxpresso.tools.linux_11.5.0.202107051138/tools/bin/../lib/gcc/arm-none-eabi/10.3.1/../../../../arm-none-eabi/lib/thumb/v7e-m+fp/hard/libc_nano.a(lib_a-makebuf.o)
                0x000000000000522a                __swhatbuf_r
 .text.__sread  0x0000000000005274       0x22 /usr/local/mcuxpressoide-11.5.0_7232/ide/plugins/com.nxp.mcuxpresso.tools.linux_11.5.0.202107051138/tools/bin/../lib/gcc/arm-none-eabi/10.3.1/../../../../arm-none-eabi/lib/thumb/v7e-m+fp/hard/libc_nano.a(lib_a-stdio.o)
                0x0000000000005274                __sread
 .text.__swrite
                0x0000000000005296       0x38 /usr/local/mcuxpressoide-11.5.0_7232/ide/plugins/com.nxp.mcuxpresso.tools.linux_11.5.0.202107051138/tools/bin/../lib/gcc/arm-none-eabi/10.3.1/../../../../arm-none-eabi/lib/thumb/v7e-m+fp/hard/libc_nano.a(lib_a-stdio.o)
                0x0000000000005296                __swrite
 .text.__sseek  0x00000000000052ce       0x24 /usr/local/mcuxpressoide-11.5.0_7232/ide/plugins/com.nxp.mcuxpresso.tools.linux_11.5.0.202107051138/tools/bin/../lib/gcc/arm-none-eabi/10.3.1/../../../../arm-none-eabi/lib/thumb/v7e-m+fp/hard/libc_nano.a(lib_a-stdio.o)
                0x00000000000052ce                __sseek
 .text.__sclose
                0x00000000000052f2        0x8 /usr/local/mcuxpressoide-11.5.0_7232/ide/plugins/com.nxp.mcuxpresso.tools.linux_11.5.0.202107051138/tools/bin/../lib/gcc/arm-none-eabi/10.3.1/../../../../arm-none-eabi/lib/thumb/v7e-m+fp/hard/libc_nano.a(lib_a-stdio.o)
                0x00000000000052f2                __sclose
 .text.error    0x00000000000052fa       0x1c /usr/local/mcuxpressoide-11.5.0_7232/ide/plugins/com.nxp.mcuxpresso.tools.linux_11.5.0.202107051138/tools/bin/../lib/gcc/arm-none-eabi/10.3.1/../../../../arm-none-eabi/lib/thumb/v7e-m+fp/hard/libcr_newlib_semihost.a(syscalls.o)
 .text.checkerror
                0x0000000000005316        0xa /usr/local/mcuxpressoide-11.5.0_7232/ide/plugins/com.nxp.mcuxpresso.tools.linux_11.5.0.202107051138/tools/bin/../lib/gcc/arm-none-eabi/10.3.1/../../../../arm-none-eabi/lib/thumb/v7e-m+fp/hard/libcr_newlib_semihost.a(syscalls.o)
 .text._swiread
                0x0000000000005320       0x20 /usr/local/mcuxpressoide-11.5.0_7232/ide/plugins/com.nxp.mcuxpresso.tools.linux_11.5.0.202107051138/tools/bin/../lib/gcc/arm-none-eabi/10.3.1/../../../../arm-none-eabi/lib/thumb/v7e-m+fp/hard/libcr_newlib_semihost.a(syscalls.o)
                0x0000000000005320                _swiread
 .text._read    0x0000000000005340       0x36 /usr/local/mcuxpressoide-11.5.0_7232/ide/plugins/com.nxp.mcuxpresso.tools.linux_11.5.0.202107051138/tools/bin/../lib/gcc/arm-none-eabi/10.3.1/../../../../arm-none-eabi/lib/thumb/v7e-m+fp/hard/libcr_newlib_semihost.a(syscalls.o)
                0x0000000000005340                _read
 .text._swilseek
                0x0000000000005376       0x78 /usr/local/mcuxpressoide-11.5.0_7232/ide/plugins/com.nxp.mcuxpresso.tools.linux_11.5.0.202107051138/tools/bin/../lib/gcc/arm-none-eabi/10.3.1/../../../../arm-none-eabi/lib/thumb/v7e-m+fp/hard/libcr_newlib_semihost.a(syscalls.o)
                0x0000000000005376                _swilseek
 .text._lseek   0x00000000000053ee        0x4 /usr/local/mcuxpressoide-11.5.0_7232/ide/plugins/com.nxp.mcuxpresso.tools.linux_11.5.0.202107051138/tools/bin/../lib/gcc/arm-none-eabi/10.3.1/../../../../arm-none-eabi/lib/thumb/v7e-m+fp/hard/libcr_newlib_semihost.a(syscalls.o)
                0x00000000000053ee                _lseek
 .text._swiwrite
                0x00000000000053f2       0x20 /usr/local/mcuxpressoide-11.5.0_7232/ide/plugins/com.nxp.mcuxpresso.tools.linux_11.5.0.202107051138/tools/bin/../lib/gcc/arm-none-eabi/10.3.1/../../../../arm-none-eabi/lib/thumb/v7e-m+fp/hard/libcr_newlib_semihost.a(syscalls.o)
                0x00000000000053f2                _swiwrite
 .text._write   0x0000000000005412       0x44 /usr/local/mcuxpressoide-11.5.0_7232/ide/plugins/com.nxp.mcuxpresso.tools.linux_11.5.0.202107051138/tools/bin/../lib/gcc/arm-none-eabi/10.3.1/../../../../arm-none-eabi/lib/thumb/v7e-m+fp/hard/libcr_newlib_semihost.a(syscalls.o)
                0x0000000000005412                _write
 .text._swiclose
                0x0000000000005456       0x1a /usr/local/mcuxpressoide-11.5.0_7232/ide/plugins/com.nxp.mcuxpresso.tools.linux_11.5.0.202107051138/tools/bin/../lib/gcc/arm-none-eabi/10.3.1/../../../../arm-none-eabi/lib/thumb/v7e-m+fp/hard/libcr_newlib_semihost.a(syscalls.o)
                0x0000000000005456                _swiclose
 .text._swistat
                0x0000000000005470       0x42 /usr/local/mcuxpressoide-11.5.0_7232/ide/plugins/com.nxp.mcuxpresso.tools.linux_11.5.0.202107051138/tools/bin/../lib/gcc/arm-none-eabi/10.3.1/../../../../arm-none-eabi/lib/thumb/v7e-m+fp/hard/libcr_newlib_semihost.a(syscalls.o)
                0x0000000000005470                _swistat
 .text._fstat   0x00000000000054b2       0x1c /usr/local/mcuxpressoide-11.5.0_7232/ide/plugins/com.nxp.mcuxpresso.tools.linux_11.5.0.202107051138/tools/bin/../lib/gcc/arm-none-eabi/10.3.1/../../../../arm-none-eabi/lib/thumb/v7e-m+fp/hard/libcr_newlib_semihost.a(syscalls.o)
                0x00000000000054b2                _fstat
 .text._clock   0x00000000000054ce       0x12 /usr/local/mcuxpressoide-11.5.0_7232/ide/plugins/com.nxp.mcuxpresso.tools.linux_11.5.0.202107051138/tools/bin/../lib/gcc/arm-none-eabi/10.3.1/../../../../arm-none-eabi/lib/thumb/v7e-m+fp/hard/libcr_newlib_semihost.a(syscalls.o)
                0x00000000000054ce                _clock
 .text._times   0x00000000000054e0       0x16 /usr/local/mcuxpressoide-11.5.0_7232/ide/plugins/com.nxp.mcuxpresso.tools.linux_11.5.0.202107051138/tools/bin/../lib/gcc/arm-none-eabi/10.3.1/../../../../arm-none-eabi/lib/thumb/v7e-m+fp/hard/libcr_newlib_semihost.a(syscalls.o)
                0x00000000000054e0                _times
 .text._isatty  0x00000000000054f6       0x2a /usr/local/mcuxpressoide-11.5.0_7232/ide/plugins/com.nxp.mcuxpresso.tools.linux_11.5.0.202107051138/tools/bin/../lib/gcc/arm-none-eabi/10.3.1/../../../../arm-none-eabi/lib/thumb/v7e-m+fp/hard/libcr_newlib_semihost.a(syscalls.o)
                0x00000000000054f6                _isatty
 *(SORT_BY_ALIGNMENT(.rodata) SORT_BY_ALIGNMENT(.rodata.*) SORT_BY_ALIGNMENT(.constdata) SORT_BY_ALIGNMENT(.constdata.*))
 .rodata._ZN6TPixy2I11Link2SPI_SSE10recvPacketEv.str1.4
                0x0000000000005520       0x11 ./source/Applications/gInput.o
 *fill*         0x0000000000005531        0x3 ff
 .rodata._ZN6TPixy2I11Link2SPI_SSE7getSyncEv.str1.4
                0x0000000000005534       0x14 ./source/Applications/gInput.o
 .rodata.main.str1.4
                0x0000000000005548       0x57 ./source/main.o
 *fill*         0x000000000000559f        0x1 ff
 .rodata._global_impure_ptr
                0x00000000000055a0        0x4 /usr/local/mcuxpressoide-11.5.0_7232/ide/plugins/com.nxp.mcuxpresso.tools.linux_11.5.0.202107051138/tools/bin/../lib/gcc/arm-none-eabi/10.3.1/../../../../arm-none-eabi/lib/thumb/v7e-m+fp/hard/libc_nano.a(lib_a-impure.o)
                0x00000000000055a0                _global_impure_ptr
 .rodata.__sf_fake_stderr
                0x00000000000055a4       0x20 /usr/local/mcuxpressoide-11.5.0_7232/ide/plugins/com.nxp.mcuxpresso.tools.linux_11.5.0.202107051138/tools/bin/../lib/gcc/arm-none-eabi/10.3.1/../../../../arm-none-eabi/lib/thumb/v7e-m+fp/hard/libc_nano.a(lib_a-findfp.o)
                0x00000000000055a4                __sf_fake_stderr
 .rodata.__sf_fake_stdin
                0x00000000000055c4       0x20 /usr/local/mcuxpressoide-11.5.0_7232/ide/plugins/com.nxp.mcuxpresso.tools.linux_11.5.0.202107051138/tools/bin/../lib/gcc/arm-none-eabi/10.3.1/../../../../arm-none-eabi/lib/thumb/v7e-m+fp/hard/libc_nano.a(lib_a-findfp.o)
                0x00000000000055c4                __sf_fake_stdin
 .rodata.__sf_fake_stdout
                0x00000000000055e4       0x20 /usr/local/mcuxpressoide-11.5.0_7232/ide/plugins/com.nxp.mcuxpresso.tools.linux_11.5.0.202107051138/tools/bin/../lib/gcc/arm-none-eabi/10.3.1/../../../../arm-none-eabi/lib/thumb/v7e-m+fp/hard/libc_nano.a(lib_a-findfp.o)
                0x00000000000055e4                __sf_fake_stdout
 .rodata._vfprintf_r.str1.1
                0x0000000000005604       0x11 /usr/local/mcuxpressoide-11.5.0_7232/ide/plugins/com.nxp.mcuxpresso.tools.linux_11.5.0.202107051138/tools/bin/../lib/gcc/arm-none-eabi/10.3.1/../../../../arm-none-eabi/lib/thumb/v7e-m+fp/hard/libc_nano.a(lib_a-nano-vfprintf.o)
 .rodata._printf_i.str1.1
                0x0000000000005615       0x22 /usr/local/mcuxpressoide-11.5.0_7232/ide/plugins/com.nxp.mcuxpresso.tools.linux_11.5.0.202107051138/tools/bin/../lib/gcc/arm-none-eabi/10.3.1/../../../../arm-none-eabi/lib/thumb/v7e-m+fp/hard/libc_nano.a(lib_a-nano-vfprintf_i.o)
 .rodata.initialise_monitor_handles.part.0.str1.1
                0x0000000000005637        0x4 /usr/local/mcuxpressoide-11.5.0_7232/ide/plugins/com.nxp.mcuxpresso.tools.linux_11.5.0.202107051138/tools/bin/../lib/gcc/arm-none-eabi/10.3.1/../../../../arm-none-eabi/lib/thumb/v7e-m+fp/hard/libcr_newlib_semihost.a(syscalls.o)
                0x0000000000005640                . = ALIGN (0x8)
 *fill*         0x000000000000563b        0x5 ff
                0x0000000000005640                . = ALIGN (0x8)
 *(.init)
 .init          0x0000000000005640        0x4 /usr/local/mcuxpressoide-11.5.0_7232/ide/plugins/com.nxp.mcuxpresso.tools.linux_11.5.0.202107051138/tools/bin/../lib/gcc/arm-none-eabi/10.3.1/thumb/v7e-m+fp/hard/crti.o
                0x0000000000005640                _init
 .init          0x0000000000005644        0x8 /usr/local/mcuxpressoide-11.5.0_7232/ide/plugins/com.nxp.mcuxpresso.tools.linux_11.5.0.202107051138/tools/bin/../lib/gcc/arm-none-eabi/10.3.1/thumb/v7e-m+fp/hard/crtn.o
                0x0000000000005650                . = ALIGN (0x8)
 *fill*         0x000000000000564c        0x4 ff
                0x0000000000005650                __preinit_array_start = .
 *(SORT_BY_ALIGNMENT(.preinit_array))
                0x0000000000005650                __preinit_array_end = .
                0x0000000000005650                . = ALIGN (0x8)
                0x0000000000005650                __init_array_start = .
 *(SORT_BY_NAME(SORT_BY_ALIGNMENT(.init_array.*)))
 *(SORT_BY_ALIGNMENT(.init_array))
 .init_array    0x0000000000005650        0x4 /usr/local/mcuxpressoide-11.5.0_7232/ide/plugins/com.nxp.mcuxpresso.tools.linux_11.5.0.202107051138/tools/bin/../lib/gcc/arm-none-eabi/10.3.1/thumb/v7e-m+fp/hard/crtbegin.o
                0x0000000000005654                __init_array_end = .
 *(.fini)
 .fini          0x0000000000005654        0x4 /usr/local/mcuxpressoide-11.5.0_7232/ide/plugins/com.nxp.mcuxpresso.tools.linux_11.5.0.202107051138/tools/bin/../lib/gcc/arm-none-eabi/10.3.1/thumb/v7e-m+fp/hard/crti.o
                0x0000000000005654                _fini
 .fini          0x0000000000005658        0x8 /usr/local/mcuxpressoide-11.5.0_7232/ide/plugins/com.nxp.mcuxpresso.tools.linux_11.5.0.202107051138/tools/bin/../lib/gcc/arm-none-eabi/10.3.1/thumb/v7e-m+fp/hard/crtn.o
                0x0000000000005660                . = ALIGN (0x8)
 *crtbegin.o(SORT_BY_ALIGNMENT(.ctors))
 *(SORT_BY_ALIGNMENT(EXCLUDE_FILE(*crtend.o) .ctors))
 *(SORT_BY_NAME(SORT_BY_ALIGNMENT(.ctors.*)))
 *crtend.o(SORT_BY_ALIGNMENT(.ctors))
                0x0000000000005660                . = ALIGN (0x8)
 *crtbegin.o(SORT_BY_ALIGNMENT(.dtors))
 *(SORT_BY_ALIGNMENT(EXCLUDE_FILE(*crtend.o) .dtors))
 *(SORT_BY_NAME(SORT_BY_ALIGNMENT(.dtors.*)))
 *crtend.o(SORT_BY_ALIGNMENT(.dtors))
                0x0000000000005660                . = ALIGN (0x8)

.glue_7         0x0000000000005660        0x0
 .glue_7        0x0000000000005660        0x0 linker stubs

.glue_7t        0x0000000000005660        0x0
 .glue_7t       0x0000000000005660        0x0 linker stubs

.vfp11_veneer   0x0000000000005660        0x0
 .vfp11_veneer  0x0000000000005660        0x0 linker stubs

.v4_bx          0x0000000000005660        0x0
 .v4_bx         0x0000000000005660        0x0 linker stubs

.iplt           0x0000000000005660        0x0
 .iplt          0x0000000000005660        0x0 ./startup/startup_mk64f12.o

.rel.dyn        0x0000000000005660        0x0
 .rel.iplt      0x0000000000005660        0x0 ./startup/startup_mk64f12.o

.eh_frame       0x0000000000005660        0x0
 .eh_frame      0x0000000000005660        0x0 /usr/local/mcuxpressoide-11.5.0_7232/ide/plugins/com.nxp.mcuxpresso.tools.linux_11.5.0.202107051138/tools/bin/../lib/gcc/arm-none-eabi/10.3.1/thumb/v7e-m+fp/hard/crtbegin.o

.ARM.extab
 *(SORT_BY_ALIGNMENT(.ARM.extab*) SORT_BY_ALIGNMENT(.gnu.linkonce.armextab.*))

.ARM.exidx      0x0000000000005660        0x0
                0x0000000000005660                __exidx_start = .
 *(SORT_BY_ALIGNMENT(.ARM.exidx*) SORT_BY_ALIGNMENT(.gnu.linkonce.armexidx.*))
                0x0000000000005660                __exidx_end = .
                0x0000000000005660                _etext = .

.m_usb_data
 *(SORT_BY_ALIGNMENT(m_usb_bdt))

.data_RAM2      0x000000001fff0000        0x0 load address 0x0000000000005660
 FILL mask 0xff
                [!provide]                        PROVIDE (__start_data_RAM2 = .)
                [!provide]                        PROVIDE (__start_data_SRAM_LOWER = .)
 *(SORT_BY_ALIGNMENT(.ramfunc.$RAM2))
 *(SORT_BY_ALIGNMENT(.ramfunc.$SRAM_LOWER))
 *(SORT_BY_ALIGNMENT(.data.$RAM2))
 *(SORT_BY_ALIGNMENT(.data.$SRAM_LOWER))
 *(SORT_BY_ALIGNMENT(.data.$RAM2.*))
 *(SORT_BY_ALIGNMENT(.data.$SRAM_LOWER.*))
                0x000000001fff0000                . = ALIGN (0x8)
                [!provide]                        PROVIDE (__end_data_RAM2 = .)
                [!provide]                        PROVIDE (__end_data_SRAM_LOWER = .)

.data_RAM3      0x0000000014000000        0x0 load address 0x0000000000005660
 FILL mask 0xff
                [!provide]                        PROVIDE (__start_data_RAM3 = .)
                [!provide]                        PROVIDE (__start_data_FLEX_RAM = .)
 *(SORT_BY_ALIGNMENT(.ramfunc.$RAM3))
 *(SORT_BY_ALIGNMENT(.ramfunc.$FLEX_RAM))
 *(SORT_BY_ALIGNMENT(.data.$RAM3))
 *(SORT_BY_ALIGNMENT(.data.$FLEX_RAM))
 *(SORT_BY_ALIGNMENT(.data.$RAM3.*))
 *(SORT_BY_ALIGNMENT(.data.$FLEX_RAM.*))
                0x0000000014000000                . = ALIGN (0x8)
                [!provide]                        PROVIDE (__end_data_RAM3 = .)
                [!provide]                        PROVIDE (__end_data_FLEX_RAM = .)

.uninit_RESERVED
                0x0000000020000000        0x0
                0x0000000020000000                _start_uninit_RESERVED = .
 *(SORT_BY_ALIGNMENT(.bss.$RESERVED*))
                0x0000000020000000                . = ALIGN (0x8)
                0x0000000020000000                _end_uninit_RESERVED = .

.data           0x0000000020000000       0x70 load address 0x0000000000005660
 FILL mask 0xff
                0x0000000020000000                _data = .
                [!provide]                        PROVIDE (__start_data_RAM = .)
                [!provide]                        PROVIDE (__start_data_SRAM_UPPER = .)
 *(SORT_BY_ALIGNMENT(vtable))
 *(SORT_BY_ALIGNMENT(.ramfunc*))
 *(SORT_BY_ALIGNMENT(CodeQuickAccess))
 *(SORT_BY_ALIGNMENT(DataQuickAccess))
 *(SORT_BY_ALIGNMENT(RamFunction))
 *(SORT_BY_ALIGNMENT(.data*))
 .data.gUart3   0x0000000020000000        0x4 ./source/Interfaces/iUart.o
 .data.gUart4   0x0000000020000004        0x4 ./source/Interfaces/iUart.o
 .data._impure_ptr
                0x0000000020000008        0x4 /usr/local/mcuxpressoide-11.5.0_7232/ide/plugins/com.nxp.mcuxpresso.tools.linux_11.5.0.202107051138/tools/bin/../lib/gcc/arm-none-eabi/10.3.1/../../../../arm-none-eabi/lib/thumb/v7e-m+fp/hard/libc_nano.a(lib_a-impure.o)
                0x0000000020000008                _impure_ptr
 .data.impure_data
                0x000000002000000c       0x60 /usr/local/mcuxpressoide-11.5.0_7232/ide/plugins/com.nxp.mcuxpresso.tools.linux_11.5.0.202107051138/tools/bin/../lib/gcc/arm-none-eabi/10.3.1/../../../../arm-none-eabi/lib/thumb/v7e-m+fp/hard/libc_nano.a(lib_a-impure.o)
                0x0000000020000070                . = ALIGN (0x8)
 *fill*         0x000000002000006c        0x4 ff
                0x0000000020000070                _edata = .
                [!provide]                        PROVIDE (__end_data_RAM = .)
                [!provide]                        PROVIDE (__end_data_SRAM_UPPER = .)

.igot.plt       0x0000000020000070        0x0 load address 0x00000000000056d0
 .igot.plt      0x0000000020000070        0x0 ./startup/startup_mk64f12.o

.bss_RAM2       0x000000001fff0000        0x0
                [!provide]                        PROVIDE (__start_bss_RAM2 = .)
                [!provide]                        PROVIDE (__start_bss_SRAM_LOWER = .)
 *(SORT_BY_ALIGNMENT(.bss.$RAM2))
 *(SORT_BY_ALIGNMENT(.bss.$SRAM_LOWER))
 *(SORT_BY_ALIGNMENT(.bss.$RAM2.*))
 *(SORT_BY_ALIGNMENT(.bss.$SRAM_LOWER.*))
                0x000000001fff0000                . = ALIGN ((. != 0x0)?0x8:0x1)
                [!provide]                        PROVIDE (__end_bss_RAM2 = .)
                [!provide]                        PROVIDE (__end_bss_SRAM_LOWER = .)

.bss_RAM3       0x0000000014000000        0x0
                [!provide]                        PROVIDE (__start_bss_RAM3 = .)
                [!provide]                        PROVIDE (__start_bss_FLEX_RAM = .)
 *(SORT_BY_ALIGNMENT(.bss.$RAM3))
 *(SORT_BY_ALIGNMENT(.bss.$FLEX_RAM))
 *(SORT_BY_ALIGNMENT(.bss.$RAM3.*))
 *(SORT_BY_ALIGNMENT(.bss.$FLEX_RAM.*))
                0x0000000014000000                . = ALIGN ((. != 0x0)?0x8:0x1)
                [!provide]                        PROVIDE (__end_bss_RAM3 = .)
                [!provide]                        PROVIDE (__end_bss_FLEX_RAM = .)

.bss            0x0000000020000070      0x200
                0x0000000020000070                _bss = .
                [!provide]                        PROVIDE (__start_bss_RAM = .)
                [!provide]                        PROVIDE (__start_bss_SRAM_UPPER = .)
 *(SORT_BY_ALIGNMENT(.bss*))
 .bss.sDeltaChL
                0x0000000020000070        0x4 ./source/Interfaces/iFlextimer.o
 .bss.sDeltaChR
                0x0000000020000074        0x4 ./source/Interfaces/iFlextimer.o
 .bss.sSpeedLeft
                0x0000000020000078        0x4 ./source/Interfaces/iFlextimer.o
 .bss.sSpeedRight
                0x000000002000007c        0x4 ./source/Interfaces/iFlextimer.o
 .bss.sOverFlowCounterL
                0x0000000020000080        0x4 ./source/Interfaces/iFlextimer.o
 .bss.sOverFlowCounterR
                0x0000000020000084        0x4 ./source/Interfaces/iFlextimer.o
 .bss.sDly      0x0000000020000088       0x78 ./source/Interfaces/iPit.o
 .bss.aTmp.0    0x0000000020000100        0x4 ./source/Interfaces/iPit.o
 .bss.gUart3Instance
                0x0000000020000104        0x4 ./source/Interfaces/iUart.o
 .bss.gUart4Instance
                0x0000000020000108        0x4 ./source/Interfaces/iUart.o
 .bss.gInput    0x000000002000010c       0xc4 ./source/Applications/gMBox.o
                0x000000002000010c                gInput
 .bss.s_i2cHandle
                0x00000000200001d0        0xc ./drivers/fsl_i2c.o
 .bss.s_i2cMasterIsr
                0x00000000200001dc        0x4 ./drivers/fsl_i2c.o
 .bss.s_i2cSlaveIsr
                0x00000000200001e0        0x4 ./drivers/fsl_i2c.o
 .bss.s_uartHandle
                0x00000000200001e4       0x18 ./drivers/fsl_uart.o
                0x00000000200001e4                s_uartHandle
 .bss.s_uartIsr
                0x00000000200001fc        0x4 ./drivers/fsl_uart.o
                0x00000000200001fc                s_uartIsr
 .bss.__malloc_free_list
                0x0000000020000200        0x4 /usr/local/mcuxpressoide-11.5.0_7232/ide/plugins/com.nxp.mcuxpresso.tools.linux_11.5.0.202107051138/tools/bin/../lib/gcc/arm-none-eabi/10.3.1/../../../../arm-none-eabi/lib/thumb/v7e-m+fp/hard/libc_nano.a(lib_a-nano-mallocr.o)
                0x0000000020000200                __malloc_free_list
 .bss.__malloc_sbrk_start
                0x0000000020000204        0x4 /usr/local/mcuxpressoide-11.5.0_7232/ide/plugins/com.nxp.mcuxpresso.tools.linux_11.5.0.202107051138/tools/bin/../lib/gcc/arm-none-eabi/10.3.1/../../../../arm-none-eabi/lib/thumb/v7e-m+fp/hard/libc_nano.a(lib_a-nano-mallocr.o)
                0x0000000020000204                __malloc_sbrk_start
 .bss.errno     0x0000000020000208        0x4 /usr/local/mcuxpressoide-11.5.0_7232/ide/plugins/com.nxp.mcuxpresso.tools.linux_11.5.0.202107051138/tools/bin/../lib/gcc/arm-none-eabi/10.3.1/../../../../arm-none-eabi/lib/thumb/v7e-m+fp/hard/libc_nano.a(lib_a-reent.o)
                0x0000000020000208                errno
 .bss.__end_of_heap
                0x000000002000020c        0x4 /usr/local/mcuxpressoide-11.5.0_7232/ide/plugins/com.nxp.mcuxpresso.tools.linux_11.5.0.202107051138/tools/bin/../lib/gcc/arm-none-eabi/10.3.1/../../../../arm-none-eabi/lib/thumb/v7e-m+fp/hard/libcr_newlib_semihost.a(_cr_sbrk.o)
                0x000000002000020c                __end_of_heap
 .bss.initialized.0
                0x0000000020000210        0x4 /usr/local/mcuxpressoide-11.5.0_7232/ide/plugins/com.nxp.mcuxpresso.tools.linux_11.5.0.202107051138/tools/bin/../lib/gcc/arm-none-eabi/10.3.1/../../../../arm-none-eabi/lib/thumb/v7e-m+fp/hard/libcr_newlib_semihost.a(syscalls.o)
 .bss.monitor_stderr
                0x0000000020000214        0x4 /usr/local/mcuxpressoide-11.5.0_7232/ide/plugins/com.nxp.mcuxpresso.tools.linux_11.5.0.202107051138/tools/bin/../lib/gcc/arm-none-eabi/10.3.1/../../../../arm-none-eabi/lib/thumb/v7e-m+fp/hard/libcr_newlib_semihost.a(syscalls.o)
 .bss.monitor_stdin
                0x0000000020000218        0x4 /usr/local/mcuxpressoide-11.5.0_7232/ide/plugins/com.nxp.mcuxpresso.tools.linux_11.5.0.202107051138/tools/bin/../lib/gcc/arm-none-eabi/10.3.1/../../../../arm-none-eabi/lib/thumb/v7e-m+fp/hard/libcr_newlib_semihost.a(syscalls.o)
 .bss.monitor_stdout
                0x000000002000021c        0x4 /usr/local/mcuxpressoide-11.5.0_7232/ide/plugins/com.nxp.mcuxpresso.tools.linux_11.5.0.202107051138/tools/bin/../lib/gcc/arm-none-eabi/10.3.1/../../../../arm-none-eabi/lib/thumb/v7e-m+fp/hard/libcr_newlib_semihost.a(syscalls.o)
 .bss.openfiles
                0x0000000020000220       0x28 /usr/local/mcuxpressoide-11.5.0_7232/ide/plugins/com.nxp.mcuxpresso.tools.linux_11.5.0.202107051138/tools/bin/../lib/gcc/arm-none-eabi/10.3.1/../../../../arm-none-eabi/lib/thumb/v7e-m+fp/hard/libcr_newlib_semihost.a(syscalls.o)
 .bss           0x0000000020000248       0x1c /usr/local/mcuxpressoide-11.5.0_7232/ide/plugins/com.nxp.mcuxpresso.tools.linux_11.5.0.202107051138/tools/bin/../lib/gcc/arm-none-eabi/10.3.1/thumb/v7e-m+fp/hard/crtbegin.o
 .bss.sOldTimerValueChL
                0x0000000020000264        0x2 ./source/Interfaces/iFlextimer.o
 .bss.sOldTimerValueChR
                0x0000000020000266        0x2 ./source/Interfaces/iFlextimer.o
 .bss.sDataReady
                0x0000000020000268        0x1 ./source/Modules/mAccelMagneto.o
 .bss.sGyroDataReady
                0x0000000020000269        0x1 ./source/Modules/mGyro.o
 .bss.__lock___malloc_recursive_mutex
                0x000000002000026a        0x1 /usr/local/mcuxpressoide-11.5.0_7232/ide/plugins/com.nxp.mcuxpresso.tools.linux_11.5.0.202107051138/tools/bin/../lib/gcc/arm-none-eabi/10.3.1/../../../../arm-none-eabi/lib/thumb/v7e-m+fp/hard/libc_nano.a(lib_a-lock.o)
                0x000000002000026a                __lock___malloc_recursive_mutex
 .bss.__lock___sfp_recursive_mutex
                0x000000002000026b        0x1 /usr/local/mcuxpressoide-11.5.0_7232/ide/plugins/com.nxp.mcuxpresso.tools.linux_11.5.0.202107051138/tools/bin/../lib/gcc/arm-none-eabi/10.3.1/../../../../arm-none-eabi/lib/thumb/v7e-m+fp/hard/libc_nano.a(lib_a-lock.o)
                0x000000002000026b                __lock___sfp_recursive_mutex
 .bss.__lock___sinit_recursive_mutex
                0x000000002000026c        0x1 /usr/local/mcuxpressoide-11.5.0_7232/ide/plugins/com.nxp.mcuxpresso.tools.linux_11.5.0.202107051138/tools/bin/../lib/gcc/arm-none-eabi/10.3.1/../../../../arm-none-eabi/lib/thumb/v7e-m+fp/hard/libc_nano.a(lib_a-lock.o)
                0x000000002000026c                __lock___sinit_recursive_mutex
 *(SORT_BY_ALIGNMENT(COMMON))
                0x0000000020000270                . = ALIGN (0x8)
 *fill*         0x000000002000026d        0x3 
                0x0000000020000270                _ebss = .
                [!provide]                        PROVIDE (__end_bss_RAM = .)
                [!provide]                        PROVIDE (__end_bss_SRAM_UPPER = .)
                [!provide]                        PROVIDE (end = .)

.noinit_RAM2    0x000000001fff0000        0x0
                [!provide]                        PROVIDE (__start_noinit_RAM2 = .)
                [!provide]                        PROVIDE (__start_noinit_SRAM_LOWER = .)
 *(SORT_BY_ALIGNMENT(.noinit.$RAM2))
 *(SORT_BY_ALIGNMENT(.noinit.$SRAM_LOWER))
 *(SORT_BY_ALIGNMENT(.noinit.$RAM2.*))
 *(SORT_BY_ALIGNMENT(.noinit.$SRAM_LOWER.*))
                0x000000001fff0000                . = ALIGN (0x8)
                [!provide]                        PROVIDE (__end_noinit_RAM2 = .)
                [!provide]                        PROVIDE (__end_noinit_SRAM_LOWER = .)

.noinit_RAM3    0x0000000014000000        0x0
                [!provide]                        PROVIDE (__start_noinit_RAM3 = .)
                [!provide]                        PROVIDE (__start_noinit_FLEX_RAM = .)
 *(SORT_BY_ALIGNMENT(.noinit.$RAM3))
 *(SORT_BY_ALIGNMENT(.noinit.$FLEX_RAM))
 *(SORT_BY_ALIGNMENT(.noinit.$RAM3.*))
 *(SORT_BY_ALIGNMENT(.noinit.$FLEX_RAM.*))
                0x0000000014000000                . = ALIGN (0x8)
                [!provide]                        PROVIDE (__end_noinit_RAM3 = .)
                [!provide]                        PROVIDE (__end_noinit_FLEX_RAM = .)

.noinit         0x0000000020000270        0x0
                0x0000000020000270                _noinit = .
                [!provide]                        PROVIDE (__start_noinit_RAM = .)
                [!provide]                        PROVIDE (__start_noinit_SRAM_UPPER = .)
 *(SORT_BY_ALIGNMENT(.noinit*))
                0x0000000020000270                . = ALIGN (0x8)
                0x0000000020000270                _end_noinit = .
                [!provide]                        PROVIDE (__end_noinit_RAM = .)
                [!provide]                        PROVIDE (__end_noinit_SRAM_UPPER = .)
                0x0000000000001000                _HeapSize = 0x1000

.heap           0x0000000020000270     0x1000
                0x0000000020000270                _pvHeapStart = .
                0x0000000020001270                . = (. + _HeapSize)
 *fill*         0x0000000020000270     0x1000 
                0x0000000020001270                . = ALIGN (0x8)
                0x0000000020001270                _pvHeapLimit = .
                0x0000000000001000                _StackSize = 0x1000

.heap2stackfill
                0x0000000020001270     0x1000
                0x0000000020002270                . = (. + _StackSize)
 *fill*         0x0000000020001270     0x1000 

.stack          0x000000002002f000        0x0
                0x000000002002f000                _vStackBase = .
                0x000000002002f000                . = ALIGN (0x8)
                0x0000000020030000                _vStackTop = (. + _StackSize)
                0x0000000000000000                _image_start = LOADADDR (.text)
                0x00000000000056d0                _image_end = (LOADADDR (.data) + SIZEOF (.data))
                0x00000000000056d0                _image_size = (_image_end - _image_start)
OUTPUT(NXP.axf elf32-littlearm)
LOAD linker stubs

.debug_info     0x0000000000000000     0xf800
 .debug_info    0x0000000000000000      0x93d ./startup/startup_mk64f12.o
 .debug_info    0x000000000000093d      0x72d ./source/Modules/mAccelMagneto.o
 .debug_info    0x000000000000106a      0x1f4 ./source/Modules/mAd.o
 .debug_info    0x000000000000125e       0x82 ./source/Modules/mCpu.o
 .debug_info    0x00000000000012e0       0xf7 ./source/Modules/mDac.o
 .debug_info    0x00000000000013d7      0x21c ./source/Modules/mDelay.o
 .debug_info    0x00000000000015f3      0x5ac ./source/Modules/mGyro.o
 .debug_info    0x0000000000001b9f      0x304 ./source/Modules/mLeds.o
 .debug_info    0x0000000000001ea3      0x143 ./source/Modules/mRS232.o
 .debug_info    0x0000000000001fe6      0x851 ./source/Modules/mSpi.o
 .debug_info    0x0000000000002837      0x2b8 ./source/Modules/mSwitch.o
 .debug_info    0x0000000000002aef      0x321 ./source/Modules/mTimer.o
 .debug_info    0x0000000000002e10      0x7ca ./source/Interfaces/iAd.o
 .debug_info    0x00000000000035da      0x660 ./source/Interfaces/iCpu.o
 .debug_info    0x0000000000003c3a      0x497 ./source/Interfaces/iDac.o
 .debug_info    0x00000000000040d1      0x3bd ./source/Interfaces/iDio.o
 .debug_info    0x000000000000448e      0xd80 ./source/Interfaces/iFlextimer.o
 .debug_info    0x000000000000520e      0xc77 ./source/Interfaces/iPit.o
 .debug_info    0x0000000000005e85      0xa9b ./source/Interfaces/iSpi.o
 .debug_info    0x0000000000006920      0xba6 ./source/Interfaces/iUart.o
 .debug_info    0x00000000000074c6     0x1d2e ./source/Applications/gInput.o
 .debug_info    0x00000000000091f4      0x1dd ./source/Applications/gMBox.o
 .debug_info    0x00000000000093d1     0x1b60 ./source/main.o
 .debug_info    0x000000000000af31       0x3c ./source/semihost_hardfault.o
 .debug_info    0x000000000000af6d     0x2088 ./drivers/fsl_i2c.o
 .debug_info    0x000000000000cff5     0x21c2 ./drivers/fsl_uart.o
 .debug_info    0x000000000000f1b7      0x649 ./device/system_MK64F12.o

.debug_abbrev   0x0000000000000000     0x2d77
 .debug_abbrev  0x0000000000000000      0x17b ./startup/startup_mk64f12.o