../source/Modules/mGyro.c:83:6:mGyro_Setup	8	static
../source/Modules/mGyro.c:92:6:mGyro_Open	8	static
../source/Modules/mGyro.c:101:6:mGyro_Close	4	static
../source/Modules/mGyro.c:108:6:mGyro_Reset	4	static
../source/Modules/mGyro.c:115:6:mGyro_GetData	32	static
../source/Modules/mGyro.c:241:6:mGyro_SetData	24	static
../source/Modules/mGyro.c:329:6:mGyro_Init	32	static
../source/Modules/mGyro.c:424:6:mGyro_Calibration	24	static
../source/Modules/mGyro.c:477:6:mGyro_ReadData	40	static
../source/Modules/mGyro.c:509:6:mGyro_ReadData_mDPS	40	static
../source/Modules/mGyro.c:555:6:PORTD_IRQHandler	4	static
