../source/Modules/mSpi.c:66:6:mSpi_Setup	8	static
../source/Modules/mSpi.c:91:6:mSpi_Open	8	static
../source/Modules/mSpi.c:105:6:mSpi_Close	8	static
../source/Modules/mSpi.c:115:8:mSpi_SP1ReadWrite	32	static
../source/Modules/mSpi.c:140:8:mSpi_SP0ReadWrite	32	static
../source/Modules/mSpi.c:165:8:mSpi_MLX75306_RXTX	24	static
../source/Modules/mSpi.c:209:6:mSpi_MLX75306_ReadPicture	24	static
../source/Modules/mSpi.c:255:6:mSpi_MLX75306_ReadPictureTest	32	static
../source/Modules/mSpi.c:300:6:mSpi_MLX75306_Reset	8	static
../source/Modules/mSpi.c:313:6:mSpi_MLX75306_StartIntegration	24	static
../source/Modules/mSpi.c:370:6:mSpi_MLX75306_StartIntegration_old	24	static
../source/Modules/mSpi.c:433:6:mSpi_GetImageCam1_Pot	40	static
../source/Modules/mSpi.c:503:6:mSpi_GetImageCam2_Pot	40	static
../source/Modules/mSpi.c:577:6:mSpi_GetImageCam1	40	static
../source/Modules/mSpi.c:649:6:mSpi_GetImageCam2	40	static
