/home/Nick/NXP/NXP/CMSIS/core_cm4.h:1679:22:__NVIC_EnableIRQ	16	static
/home/Nick/NXP/NXP/CMSIS/core_cm4.h:1770:22:__NVIC_ClearPendingIRQ	16	static
/home/Nick/NXP/NXP/CMSIS/core_cm4.h:1809:22:__NVIC_SetPriority	16	static
../source/Interfaces/iFlextimer.c:93:6:iFlextimer_Config	8	static
../source/Interfaces/iFlextimer.c:287:6:iFlextimer_GetSpeed	16	static
../source/Interfaces/iFlextimer.c:296:6:FTM1_IRQHandler	24	static
../source/Interfaces/iFlextimer.c:403:6:iFlextimer_SetServoDuty	24	static
../source/Interfaces/iFlextimer.c:438:6:iFlextimer_SetMotorDuty	16	static
