../source/Interfaces/iSpi.c:52:6:iSpi_ConfigClockAndPins	4	static
../source/Interfaces/iSpi.c:109:6:iSpi_ConfigSPIModule	16	static
../source/Interfaces/iSpi.c:189:6:iSpi_ChangeInactiveCSState	16	static
../source/Interfaces/iSpi.c:237:6:iSpi_ConfigClockAndTransfert	16	static
../source/Interfaces/iSpi.c:403:6:iSpi_ConfigInterrupAndDMA	16	static
../source/Interfaces/iSpi.c:458:6:iSpi_ConfigClockPhase	16	static
../source/Interfaces/iSpi.c:549:6:iSpi_ClearTxFifo	16	static
../source/Interfaces/iSpi.c:570:6:iSpi_FlushRXFifo	16	static
../source/Interfaces/iSpi.c:591:6:iSpi_StartTX	16	static
../source/Interfaces/iSpi.c:612:6:iSpi_StopTX	16	static
../source/Interfaces/iSpi.c:635:6:iSpi_GetStatus	24	static
../source/Interfaces/iSpi.c:661:7:iSpi_GetTxFifoCounter	24	static
../source/Interfaces/iSpi.c:687:7:iSpi_GetTxFifoNextPointer	24	static
../source/Interfaces/iSpi.c:713:7:iSpi_GetRxFifoCounter	24	static
../source/Interfaces/iSpi.c:739:7:iSpi_GetRxFifoNextPointer	24	static
../source/Interfaces/iSpi.c:765:6:iSpi_ResetStatus	16	static
../source/Interfaces/iSpi.c:791:6:iSpi_PushDataIntoFifo	32	static
../source/Interfaces/iSpi.c:820:8:iSpi_ReadData	24	static
